Archive member included to satisfy reference by file (symbol)

/Applications/STM32CubeIDE.app/Contents/Eclipse/plugins/com.st.stm32cube.ide.mcu.externaltools.gnu-tools-for-stm32.9-2020-q2-update.macos64_2.0.0.202105311346/tools/bin/../lib/gcc/arm-none-eabi/9.3.1/../../../../arm-none-eabi/lib/thumb/v7-m/nofp/libc_nano.a(lib_a-errno.o)
                              ./Core/Src/syscalls.o (__errno)
/Applications/STM32CubeIDE.app/Contents/Eclipse/plugins/com.st.stm32cube.ide.mcu.externaltools.gnu-tools-for-stm32.9-2020-q2-update.macos64_2.0.0.202105311346/tools/bin/../lib/gcc/arm-none-eabi/9.3.1/../../../../arm-none-eabi/lib/thumb/v7-m/nofp/libc_nano.a(lib_a-exit.o)
                              /Applications/STM32CubeIDE.app/Contents/Eclipse/plugins/com.st.stm32cube.ide.mcu.externaltools.gnu-tools-for-stm32.9-2020-q2-update.macos64_2.0.0.202105311346/tools/bin/../lib/gcc/arm-none-eabi/9.3.1/../../../../arm-none-eabi/lib/thumb/v7-m/nofp/crt0.o (exit)
/Applications/STM32CubeIDE.app/Contents/Eclipse/plugins/com.st.stm32cube.ide.mcu.externaltools.gnu-tools-for-stm32.9-2020-q2-update.macos64_2.0.0.202105311346/tools/bin/../lib/gcc/arm-none-eabi/9.3.1/../../../../arm-none-eabi/lib/thumb/v7-m/nofp/libc_nano.a(lib_a-impure.o)
                              /Applications/STM32CubeIDE.app/Contents/Eclipse/plugins/com.st.stm32cube.ide.mcu.externaltools.gnu-tools-for-stm32.9-2020-q2-update.macos64_2.0.0.202105311346/tools/bin/../lib/gcc/arm-none-eabi/9.3.1/../../../../arm-none-eabi/lib/thumb/v7-m/nofp/libc_nano.a(lib_a-exit.o) (_global_impure_ptr)
/Applications/STM32CubeIDE.app/Contents/Eclipse/plugins/com.st.stm32cube.ide.mcu.externaltools.gnu-tools-for-stm32.9-2020-q2-update.macos64_2.0.0.202105311346/tools/bin/../lib/gcc/arm-none-eabi/9.3.1/../../../../arm-none-eabi/lib/thumb/v7-m/nofp/libc_nano.a(lib_a-init.o)
                              /Applications/STM32CubeIDE.app/Contents/Eclipse/plugins/com.st.stm32cube.ide.mcu.externaltools.gnu-tools-for-stm32.9-2020-q2-update.macos64_2.0.0.202105311346/tools/bin/../lib/gcc/arm-none-eabi/9.3.1/../../../../arm-none-eabi/lib/thumb/v7-m/nofp/crt0.o (__libc_init_array)
/Applications/STM32CubeIDE.app/Contents/Eclipse/plugins/com.st.stm32cube.ide.mcu.externaltools.gnu-tools-for-stm32.9-2020-q2-update.macos64_2.0.0.202105311346/tools/bin/../lib/gcc/arm-none-eabi/9.3.1/../../../../arm-none-eabi/lib/thumb/v7-m/nofp/libc_nano.a(lib_a-memcpy-stub.o)
                              ./riverdi_modules/src/eve_layer/CoPro_Cmds.o (memcpy)
/Applications/STM32CubeIDE.app/Contents/Eclipse/plugins/com.st.stm32cube.ide.mcu.externaltools.gnu-tools-for-stm32.9-2020-q2-update.macos64_2.0.0.202105311346/tools/bin/../lib/gcc/arm-none-eabi/9.3.1/../../../../arm-none-eabi/lib/thumb/v7-m/nofp/libc_nano.a(lib_a-memset.o)
                              /Applications/STM32CubeIDE.app/Contents/Eclipse/plugins/com.st.stm32cube.ide.mcu.externaltools.gnu-tools-for-stm32.9-2020-q2-update.macos64_2.0.0.202105311346/tools/bin/../lib/gcc/arm-none-eabi/9.3.1/../../../../arm-none-eabi/lib/thumb/v7-m/nofp/crt0.o (memset)
/Applications/STM32CubeIDE.app/Contents/Eclipse/plugins/com.st.stm32cube.ide.mcu.externaltools.gnu-tools-for-stm32.9-2020-q2-update.macos64_2.0.0.202105311346/tools/bin/../lib/gcc/arm-none-eabi/9.3.1/../../../../arm-none-eabi/lib/thumb/v7-m/nofp/libc_nano.a(lib_a-strchr.o)
                              ./riverdi_modules/src/eve_layer/CoPro_Cmds.o (strchr)
/Applications/STM32CubeIDE.app/Contents/Eclipse/plugins/com.st.stm32cube.ide.mcu.externaltools.gnu-tools-for-stm32.9-2020-q2-update.macos64_2.0.0.202105311346/tools/bin/../lib/gcc/arm-none-eabi/9.3.1/../../../../arm-none-eabi/lib/thumb/v7-m/nofp/libc_nano.a(lib_a-strlen.o)
                              ./data_control/src/print.o (strlen)
/Applications/STM32CubeIDE.app/Contents/Eclipse/plugins/com.st.stm32cube.ide.mcu.externaltools.gnu-tools-for-stm32.9-2020-q2-update.macos64_2.0.0.202105311346/tools/bin/../lib/gcc/arm-none-eabi/9.3.1/thumb/v7-m/nofp/libgcc.a(_arm_mulsf3.o)
                              ./Core/Src/data_control.o (__aeabi_fmul)
/Applications/STM32CubeIDE.app/Contents/Eclipse/plugins/com.st.stm32cube.ide.mcu.externaltools.gnu-tools-for-stm32.9-2020-q2-update.macos64_2.0.0.202105311346/tools/bin/../lib/gcc/arm-none-eabi/9.3.1/thumb/v7-m/nofp/libgcc.a(_arm_addsubdf3.o)
                              ./P1_graphics_module/src/dash_pages/primary_ui_pages.o (__aeabi_dsub)
/Applications/STM32CubeIDE.app/Contents/Eclipse/plugins/com.st.stm32cube.ide.mcu.externaltools.gnu-tools-for-stm32.9-2020-q2-update.macos64_2.0.0.202105311346/tools/bin/../lib/gcc/arm-none-eabi/9.3.1/thumb/v7-m/nofp/libgcc.a(_arm_cmpdf2.o)
                              ./P1_graphics_module/src/dash_pages/primary_ui_pages.o (__aeabi_dcmplt)
/Applications/STM32CubeIDE.app/Contents/Eclipse/plugins/com.st.stm32cube.ide.mcu.externaltools.gnu-tools-for-stm32.9-2020-q2-update.macos64_2.0.0.202105311346/tools/bin/../lib/gcc/arm-none-eabi/9.3.1/thumb/v7-m/nofp/libgcc.a(_arm_truncdfsf2.o)
[...]
Memory Configuration

Name             Origin             Length             Attributes
RAM              0x0000000020000000 0x0000000000005000 xrw
FLASH            0x0000000008003400 0x000000000000cc00 xr
*default*        0x0000000000000000 0xffffffffffffffff

Linker script and memory map

LOAD /Applications/STM32CubeIDE.app/Contents/Eclipse/plugins/com.st.stm32cube.ide.mcu.externaltools.gnu-tools-for-stm32.9-2020-q2-update.macos64_2.0.0.202105311346/tools/bin/../lib/gcc/arm-none-eabi/9.3.1/thumb/v7-m/nofp/crti.o
LOAD /Applications/STM32CubeIDE.app/Contents/Eclipse/plugins/com.st.stm32cube.ide.mcu.externaltools.gnu-tools-for-stm32.9-2020-q2-update.macos64_2.0.0.202105311346/tools/bin/../lib/gcc/arm-none-eabi/9.3.1/thumb/v7-m/nofp/crtbegin.o
LOAD /Applications/STM32CubeIDE.app/Contents/Eclipse/plugins/com.st.stm32cube.ide.mcu.externaltools.gnu-tools-for-stm32.9-2020-q2-update.macos64_2.0.0.202105311346/tools/bin/../lib/gcc/arm-none-eabi/9.3.1/../../../../arm-none-eabi/lib/thumb/v7-m/nofp/crt0.o
LOAD ./Core/Src/Can_Communication.o
LOAD ./Core/Src/Can_Start.o
LOAD ./Core/Src/data_control.o
LOAD ./Core/Src/define.o
LOAD ./Core/Src/launch_control.o
LOAD ./Core/Src/main.o
LOAD ./Core/Src/pn_sync_layer_main.o
LOAD ./Core/Src/stm32f1xx_hal_msp.o
LOAD ./Core/Src/stm32f1xx_it.o
LOAD ./Core/Src/syscalls.o
LOAD ./Core/Src/sysmem.o
LOAD ./Core/Src/system_stm32f1xx.o
LOAD ./Core/Startup/startup_stm32f103c8tx.o
LOAD ./Drivers/STM32F1xx_HAL_Driver/stm32f1xx_hal.o
LOAD ./Drivers/STM32F1xx_HAL_Driver/stm32f1xx_hal_can.o
LOAD ./Drivers/STM32F1xx_HAL_Driver/stm32f1xx_hal_cortex.o
LOAD ./Drivers/STM32F1xx_HAL_Driver/stm32f1xx_hal_crc.o
LOAD ./Drivers/STM32F1xx_HAL_Driver/stm32f1xx_hal_dma.o
LOAD ./Drivers/STM32F1xx_HAL_Driver/stm32f1xx_hal_exti.o
LOAD ./Drivers/STM32F1xx_HAL_Driver/stm32f1xx_hal_flash.o
LOAD ./Drivers/STM32F1xx_HAL_Driver/stm32f1xx_hal_flash_ex.o
LOAD ./Drivers/STM32F1xx_HAL_Driver/stm32f1xx_hal_gpio.o
LOAD ./Drivers/STM32F1xx_HAL_Driver/stm32f1xx_hal_gpio_ex.o
LOAD ./Drivers/STM32F1xx_HAL_Driver/stm32f1xx_hal_iwdg.o
LOAD ./Drivers/STM32F1xx_HAL_Driver/stm32f1xx_hal_pwr.o
LOAD ./Drivers/STM32F1xx_HAL_Driver/stm32f1xx_hal_rcc.o
LOAD ./Drivers/STM32F1xx_HAL_Driver/stm32f1xx_hal_rcc_ex.o
LOAD ./Drivers/STM32F1xx_HAL_Driver/stm32f1xx_hal_spi.o
LOAD ./Drivers/STM32F1xx_HAL_Driver/stm32f1xx_hal_tim.o
LOAD ./Drivers/STM32F1xx_HAL_Driver/stm32f1xx_hal_tim_ex.o
LOAD ./Drivers/STM32F1xx_HAL_Driver/stm32f1xx_hal_uart.o
LOAD ./P1_graphics_module/src/dash_pages/ble_ui_pages.o
LOAD ./P1_graphics_module/src/dash_pages/charging_ui_pages.o
LOAD ./P1_graphics_module/src/dash_pages/ota_ui_pages.o
LOAD ./P1_graphics_module/src/dash_pages/primary_ui_pages.o
LOAD ./P1_graphics_module/src/dash_pages/wish_message_pages.o
LOAD ./P1_graphics_module/src/design_calculations.o
LOAD ./P1_graphics_module/src/design_elements.o
LOAD ./data_control/src/pn_can_sync_layer.o
LOAD ./data_control/src/print.o
LOAD ./riverdi_modules/src/app_layer/App_Common.o
LOAD ./riverdi_modules/src/eve_layer/CoPro_Cmds.o
LOAD ./riverdi_modules/src/eve_layer/Gpu_Hal.o
LOAD ./riverdi_modules/src/eve_layer/Hal_Utils.o
LOAD ./riverdi_modules/src/platform.o
LOAD ./standard_graphics_module/src/color_elements.o
LOAD ./standard_graphics_module/src/fonts.o
LOAD ./standard_graphics_module/src/graphical_operations.o
START GROUP
LOAD /Applications/STM32CubeIDE.app/Contents/Eclipse/plugins/com.st.stm32cube.ide.mcu.externaltools.gnu-tools-for-stm32.9-2020-q2-update.macos64_2.0.0.202105311346/tools/bin/../lib/gcc/arm-none-eabi/9.3.1/../../../../arm-none-eabi/lib/thumb/v7-m/nofp/libc_nano.a
LOAD /Applications/STM32CubeIDE.app/Contents/Eclipse/plugins/com.st.stm32cube.ide.mcu.externaltools.gnu-tools-for-stm32.9-2020-q2-update.macos64_2.0.0.202105311346/tools/bin/../lib/gcc/arm-none-eabi/9.3.1/../../../../arm-none-eabi/lib/thumb/v7-m/nofp/libm.a
END GROUP
START GROUP
LOAD /Applications/STM32CubeIDE.app/Contents/Eclipse/plugins/com.st.stm32cube.ide.mcu.externaltools.gnu-tools-for-stm32.9-2020-q2-update.macos64_2.0.0.202105311346/tools/bin/../lib/gcc/arm-none-eabi/9.3.1/thumb/v7-m/nofp/libgcc.a
LOAD /Applications/STM32CubeIDE.app/Contents/Eclipse/plugins/com.st.stm32cube.ide.mcu.externaltools.gnu-tools-for-stm32.9-2020-q2-update.macos64_2.0.0.202105311346/tools/bin/../lib/gcc/arm-none-eabi/9.3.1/../../../../arm-none-eabi/lib/thumb/v7-m/nofp/libc_nano.a
END GROUP
START GROUP
LOAD /Applications/STM32CubeIDE.app/Contents/Eclipse/plugins/com.st.stm32cube.ide.mcu.externaltools.gnu-tools-for-stm32.9-2020-q2-update.macos64_2.0.0.202105311346/tools/bin/../lib/gcc/arm-none-eabi/9.3.1/thumb/v7-m/nofp/libgcc.a
LOAD /Applications/STM32CubeIDE.app/Contents/Eclipse/plugins/com.st.stm32cube.ide.mcu.externaltools.gnu-tools-for-stm32.9-2020-q2-update.macos64_2.0.0.202105311346/tools/bin/../lib/gcc/arm-none-eabi/9.3.1/../../../../arm-none-eabi/lib/thumb/v7-m/nofp/libc_nano.a
LOAD /Applications/STM32CubeIDE.app/Contents/Eclipse/plugins/com.st.stm32cube.ide.mcu.externaltools.gnu-tools-for-stm32.9-2020-q2-update.macos64_2.0.0.202105311346/tools/bin/../lib/gcc/arm-none-eabi/9.3.1/../../../../arm-none-eabi/lib/thumb/v7-m/nofp/libnosys.a
END GROUP
START GROUP
LOAD /Applications/STM32CubeIDE.app/Contents/Eclipse/plugins/com.st.stm32cube.ide.mcu.externaltools.gnu-tools-for-stm32.9-2020-q2-update.macos64_2.0.0.202105311346/tools/bin/../lib/gcc/arm-none-eabi/9.3.1/thumb/v7-m/nofp/libgcc.a
LOAD /Applications/STM32CubeIDE.app/Contents/Eclipse/plugins/com.st.stm32cube.ide.mcu.externaltools.gnu-tools-for-stm32.9-2020-q2-update.macos64_2.0.0.202105311346/tools/bin/../lib/gcc/arm-none-eabi/9.3.1/../../../../arm-none-eabi/lib/thumb/v7-m/nofp/libc_nano.a
LOAD /Applications/STM32CubeIDE.app/Contents/Eclipse/plugins/com.st.stm32cube.ide.mcu.externaltools.gnu-tools-for-stm32.9-2020-q2-update.macos64_2.0.0.202105311346/tools/bin/../lib/gcc/arm-none-eabi/9.3.1/../../../../arm-none-eabi/lib/thumb/v7-m/nofp/libnosys.a
END GROUP
LOAD /Applications/STM32CubeIDE.app/Contents/Eclipse/plugins/com.st.stm32cube.ide.mcu.externaltools.gnu-tools-for-stm32.9-2020-q2-update.macos64_2.0.0.202105311346/tools/bin/../lib/gcc/arm-none-eabi/9.3.1/thumb/v7-m/nofp/crtend.o
LOAD /Applications/STM32CubeIDE.app/Contents/Eclipse/plugins/com.st.stm32cube.ide.mcu.externaltools.gnu-tools-for-stm32.9-2020-q2-update.macos64_2.0.0.202105311346/tools/bin/../lib/gcc/arm-none-eabi/9.3.1/thumb/v7-m/nofp/crtn.o
                0x0000000020005000                _estack = (ORIGIN (RAM) + LENGTH (RAM))
                0x0000000000000200                _Min_Heap_Size = 0x200
                0x0000000000000400                _Min_Stack_Size = 0x400

.isr_vector     0x0000000008003400      0x10c
                0x0000000008003400                . = ALIGN (0x4)
 *(.isr_vector)
 .isr_vector    0x0000000008003400      0x10c ./Core/Startup/startup_stm32f103c8tx.o
                0x0000000008003400                g_pfnVectors
                0x000000000800350c                . = ALIGN (0x4)

.text           0x0000000008003510     0xc1a4
                0x0000000008003510                . = ALIGN (0x4)
 *(.text)
 .text          0x0000000008003510       0x40 /Applications/STM32CubeIDE.app/Contents/Eclipse/plugins/com.st.stm32cube.ide.mcu.externaltools.gnu-tools-for-stm32.9-2020-q2-update.macos64_2.0.0.202105311346/tools/bin/../lib/gcc/arm-none-eabi/9.3.1/thumb/v7-m/nofp/crtbegin.o
 .text          0x0000000008003550       0x10 /Applications/STM32CubeIDE.app/Contents/Eclipse/plugins/com.st.stm32cube.ide.mcu.externaltools.gnu-tools-for-stm32.9-2020-q2-update.macos64_2.0.0.202105311346/tools/bin/../lib/gcc/arm-none-eabi/9.3.1/../../../../arm-none-eabi/lib/thumb/v7-m/nofp/libc_nano.a(lib_a-strlen.o)
                0x0000000008003550                strlen
 .text          0x0000000008003560      0x378 /Applications/STM32CubeIDE.app/Contents/Eclipse/plugins/com.st.stm32cube.ide.mcu.externaltools.gnu-tools-for-stm32.9-2020-q2-update.macos64_2.0.0.202105311346/tools/bin/../lib/gcc/arm-none-eabi/9.3.1/thumb/v7-m/nofp/libgcc.a(_arm_addsubdf3.o)
                0x0000000008003560                __aeabi_drsub
                0x0000000008003568                __subdf3
                0x0000000008003568                __aeabi_dsub
                0x000000000800356c                __aeabi_dadd
                0x000000000800356c                __adddf3
                0x00000000080037e4                __aeabi_ui2d
                0x00000000080037e4                __floatunsidf
                0x0000000008003804                __floatsidf
                0x0000000008003804                __aeabi_i2d
                0x0000000008003828                __extendsfdf2
                0x0000000008003828                __aeabi_f2d
                0x000000000800386c                __aeabi_ul2d
                0x000000000800386c                __floatundidf
                0x000000000800387c                __aeabi_l2d
                0x000000000800387c                __floatdidf
 .text          0x00000000080038d8      0x110 /Applications/STM32CubeIDE.app/Contents/Eclipse/plugins/com.st.stm32cube.ide.mcu.externaltools.gnu-tools-for-stm32.9-2020-q2-update.macos64_2.0.0.202105311346/tools/bin/../lib/gcc/arm-none-eabi/9.3.1/thumb/v7-m/nofp/libgcc.a(_arm_cmpdf2.o)
                0x00000000080038d8                __gedf2
                0x00000000080038d8                __gtdf2
                0x00000000080038e0                __ledf2
                0x00000000080038e0                __ltdf2
                0x00000000080038e8                __cmpdf2
                0x00000000080038e8                __eqdf2
                0x00000000080038e8                __nedf2
                0x0000000008003964                __aeabi_cdrcmple
                0x0000000008003974                __aeabi_cdcmple
                0x0000000008003974                __aeabi_cdcmpeq
                0x0000000008003984                __aeabi_dcmpeq
                0x0000000008003998                __aeabi_dcmplt
                0x00000000080039ac                __aeabi_dcmple
                0x00000000080039c0                __aeabi_dcmpge
                0x00000000080039d4                __aeabi_dcmpgt
 .text          0x00000000080039e8       0xa0 /Applications/STM32CubeIDE.app/Contents/Eclipse/plugins/com.st.stm32cube.ide.mcu.externaltools.gnu-tools-for-stm32.9-2020-q2-update.macos64_2.0.0.202105311346/tools/bin/../lib/gcc/arm-none-eabi/9.3.1/thumb/v7-m/nofp/libgcc.a(_arm_truncdfsf2.o)
                0x00000000080039e8                __aeabi_d2f
                0x00000000080039e8                __truncdfsf2
 .text          0x0000000008003a88      0x21c /Applications/STM32CubeIDE.app/Contents/Eclipse/plugins/com.st.stm32cube.ide.mcu.externaltools.gnu-tools-for-stm32.9-2020-q2-update.macos64_2.0.0.202105311346/tools/bin/../lib/gcc/arm-none-eabi/9.3.1/thumb/v7-m/nofp/libgcc.a(_arm_addsubsf3.o)
                0x0000000008003a88                __aeabi_frsub
                0x0000000008003a90                __aeabi_fsub
                0x0000000008003a90                __subsf3
                0x0000000008003a94                __aeabi_fadd
                0x0000000008003a94                __addsf3
                0x0000000008003bf4                __aeabi_ui2f
                0x0000000008003bf4                __floatunsisf
                0x0000000008003bfc                __floatsisf
                0x0000000008003bfc                __aeabi_i2f
                0x0000000008003c18                __aeabi_ul2f
                0x0000000008003c18                __floatundisf
                0x0000000008003c28                __aeabi_l2f
                0x0000000008003c28                __floatdisf
 .text          0x0000000008003ca4      0x2a0 /Applications/STM32CubeIDE.app/Contents/Eclipse/plugins/com.st.stm32cube.ide.mcu.externaltools.gnu-tools-for-stm32.9-2020-q2-update.macos64_2.0.0.202105311346/tools/bin/../lib/gcc/arm-none-eabi/9.3.1/thumb/v7-m/nofp/libgcc.a(_arm_muldivsf3.o)
                0x0000000008003ca4                __mulsf3
                0x0000000008003ca4                __aeabi_fmul
                0x0000000008003e0c                __divsf3
                0x0000000008003e0c                __aeabi_fdiv
 .text          0x0000000008003f44       0xec /Applications/STM32CubeIDE.app/Contents/Eclipse/plugins/com.st.stm32cube.ide.mcu.externaltools.gnu-tools-for-stm32.9-2020-q2-update.macos64_2.0.0.202105311346/tools/bin/../lib/gcc/arm-none-eabi/9.3.1/thumb/v7-m/nofp/libgcc.a(_arm_cmpsf2.o)
                0x0000000008003f44                __gesf2
                0x0000000008003f44                __gtsf2
                0x0000000008003f4c                __ltsf2
                0x0000000008003f4c                __lesf2
                0x0000000008003f54                __nesf2
                0x0000000008003f54                __eqsf2
                0x0000000008003f54                __cmpsf2
                0x0000000008003fb4                __aeabi_cfrcmple
                0x0000000008003fbc                __aeabi_cfcmpeq
                0x0000000008003fbc                __aeabi_cfcmple
                0x0000000008003fcc                __aeabi_fcmpeq
                0x0000000008003fe0                __aeabi_fcmplt
                0x0000000008003ff4                __aeabi_fcmple
                0x0000000008004008                __aeabi_fcmpge
                0x000000000800401c                __aeabi_fcmpgt
 .text          0x0000000008004030       0x4c /Applications/STM32CubeIDE.app/Contents/Eclipse/plugins/com.st.stm32cube.ide.mcu.externaltools.gnu-tools-for-stm32.9-2020-q2-update.macos64_2.0.0.202105311346/tools/bin/../lib/gcc/arm-none-eabi/9.3.1/thumb/v7-m/nofp/libgcc.a(_arm_fixsfsi.o)
                0x0000000008004030                __fixsfsi
                0x0000000008004030                __aeabi_f2iz
 *(.text*)
 .text.check_can_pending
                0x000000000800407c       0x24 ./Core/Src/Can_Communication.o
                0x000000000800407c                check_can_pending
 .text.abort_can_message_transmit
                0x00000000080040a0       0x34 ./Core/Src/Can_Communication.o
                0x00000000080040a0                abort_can_message_transmit
 .text.check_can_free_mailbox
                0x00000000080040d4       0x50 ./Core/Src/Can_Communication.o
                0x00000000080040d4                check_can_free_mailbox
 .text.canSend  0x0000000008004124       0x28 ./Core/Src/Can_Communication.o
                0x0000000008004124                canSend
 .text.transmit_can_message
                0x000000000800414c       0x94 ./Core/Src/Can_Communication.o
                0x000000000800414c                transmit_can_message
 .text.HAL_CAN_RxFifo0MsgPendingCallback
                0x00000000080041e0      0x508 ./Core/Src/Can_Communication.o
                0x00000000080041e0                HAL_CAN_RxFifo0MsgPendingCallback
 .text.init_can
                0x00000000080046e8       0x6c ./Core/Src/Can_Start.o
                0x00000000080046e8                init_can
 .text.filter_can
                0x0000000008004754       0x50 ./Core/Src/Can_Start.o
                0x0000000008004754                filter_can
 .text.start_can
                0x00000000080047a4       0x14 ./Core/Src/Can_Start.o
                0x00000000080047a4                start_can
 .text.Start_Can_Communication
                0x00000000080047b8       0x14 ./Core/Src/Can_Start.o
                0x00000000080047b8                Start_Can_Communication
 .text.load_cmd_can_ack_data
                0x00000000080047cc       0x38 ./Core/Src/data_control.o
                0x00000000080047cc                load_cmd_can_ack_data
 .text.Acquire_Data_From_CAN
                0x0000000008004804       0x88 ./Core/Src/data_control.o
                0x0000000008004804                Acquire_Data_From_CAN
 .text.Load_Overall_Data_To_Display
                0x000000000800488c       0xfc ./Core/Src/data_control.o
                0x000000000800488c                Load_Overall_Data_To_Display
 .text.Load_Suste_Data_To_Display
                0x0000000008004988       0xfc ./Core/Src/data_control.o
                0x0000000008004988                Load_Suste_Data_To_Display
 .text.Load_Thikka_Data_To_Display
                0x0000000008004a84       0xfc ./Core/Src/data_control.o
                0x0000000008004a84                Load_Thikka_Data_To_Display
 .text.Load_Babbal_Data_To_Display
                0x0000000008004b80       0xfc ./Core/Src/data_control.o
                0x0000000008004b80                Load_Babbal_Data_To_Display
 .text.Load_Time_To_Display
                0x0000000008004c7c       0xb8 ./Core/Src/data_control.o
                0x0000000008004c7c                Load_Time_To_Display
 .text.Load_SoC_ETA_To_Display
                0x0000000008004d34      0x13c ./Core/Src/data_control.o
                0x0000000008004d34                Load_SoC_ETA_To_Display
 .text.Load_Auxiliary_Info_To_Display
                0x0000000008004e70       0xdc ./Core/Src/data_control.o
                0x0000000008004e70                Load_Auxiliary_Info_To_Display
 .text.Load_Indicator_Icons_To_Display
                0x0000000008004f4c       0xa8 ./Core/Src/data_control.o
                0x0000000008004f4c                Load_Indicator_Icons_To_Display
 .text.Load_OdoTrip_Data_To_Display
                0x0000000008004ff4       0xc0 ./Core/Src/data_control.o
                0x0000000008004ff4                Load_OdoTrip_Data_To_Display
 .text.Load_Passkey_To_Display
                0x00000000080050b4       0x40 ./Core/Src/data_control.o
                0x00000000080050b4                Load_Passkey_To_Display
 .text.Load_New_Year_Date_To_Display
                0x00000000080050f4       0x4c ./Core/Src/data_control.o
                0x00000000080050f4                Load_New_Year_Date_To_Display
 .text.Load_Release_Notes_To_Display
                0x0000000008005140       0x28 ./Core/Src/data_control.o
                0x0000000008005140                Load_Release_Notes_To_Display
 .text.Load_Username_Data
                0x0000000008005168       0x40 ./Core/Src/data_control.o
                0x0000000008005168                Load_Username_Data
 .text.Load_Bikename_Data
                0x00000000080051a8       0x30 ./Core/Src/data_control.o
                0x00000000080051a8                Load_Bikename_Data
 .text.Load_Powertrain_Data
                0x00000000080051d8       0x68 ./Core/Src/data_control.o
                0x00000000080051d8                Load_Powertrain_Data
 .text.Load_OTA_Data
                0x0000000008005240       0x30 ./Core/Src/data_control.o
                0x0000000008005240                Load_OTA_Data
 .text.Load_Network_Strength_Value
                0x0000000008005270       0x20 ./Core/Src/data_control.o
                0x0000000008005270                Load_Network_Strength_Value
 .text.Jump_To_Bootloader
                0x0000000008005290       0x48 ./Core/Src/data_control.o
                0x0000000008005290                Jump_To_Bootloader
 .text.HAL_TIM_PeriodElapsedCallback
                0x00000000080052d8      0x40c ./Core/Src/data_control.o
                0x00000000080052d8                HAL_TIM_PeriodElapsedCallback
 .text.Find_Day_of_week
                0x00000000080056e4       0x30 ./Core/Src/data_control.o
                0x00000000080056e4                Find_Day_of_week
 .text.Find_Month_of_Year
                0x0000000008005714       0x30 ./Core/Src/data_control.o
                0x0000000008005714                Find_Month_of_Year
 .text.Select_Startup_Message_Screen
                0x0000000008005744       0x28 ./Core/Src/launch_control.o
                0x0000000008005744                Select_Startup_Message_Screen
 .text.Select_DC_Charging_Page
                0x000000000800576c       0x80 ./Core/Src/launch_control.o
                0x000000000800576c                Select_DC_Charging_Page
 .text.Select_Firmware_Update_Page
                0x00000000080057ec       0x94 ./Core/Src/launch_control.o
                0x00000000080057ec                Select_Firmware_Update_Page
 .text.Select_BLE_Connection_Page
                0x0000000008005880       0x54 ./Core/Src/launch_control.o
                0x0000000008005880                Select_BLE_Connection_Page
 .text.Launch_UI
                0x00000000080058d4       0xb8 ./Core/Src/launch_control.o
                0x00000000080058d4                Launch_UI
 .text.Display_Backlight_Power_Recycle
                0x000000000800598c       0x16 ./Core/Src/launch_control.o
                0x000000000800598c                Display_Backlight_Power_Recycle
 *fill*         0x00000000080059a2        0x2 
 .text.main     0x00000000080059a4      0x154 ./Core/Src/main.o
                0x00000000080059a4                main
 .text.SystemClock_Config
                0x0000000008005af8       0x8e ./Core/Src/main.o
                0x0000000008005af8                SystemClock_Config
 *fill*         0x0000000008005b86        0x2 
 .text.MX_CAN_Init
                0x0000000008005b88       0x6c ./Core/Src/main.o
 .text.MX_CRC_Init
                0x0000000008005bf4       0x28 ./Core/Src/main.o
 .text.MX_IWDG_Init
                0x0000000008005c1c       0x34 ./Core/Src/main.o
 .text.MX_SPI1_Init
                0x0000000008005c50       0x6c ./Core/Src/main.o
 .text.MX_TIM1_Init
                0x0000000008005cbc       0xa0 ./Core/Src/main.o
 .text.MX_TIM4_Init
                0x0000000008005d5c       0x9c ./Core/Src/main.o
 .text.MX_USART1_UART_Init
                0x0000000008005df8       0x54 ./Core/Src/main.o
 .text.MX_GPIO_Init
                0x0000000008005e4c       0xd8 ./Core/Src/main.o
 .text.Error_Handler
                0x0000000008005f24        0xa ./Core/Src/main.o
                0x0000000008005f24                Error_Handler
 *fill*         0x0000000008005f2e        0x2 
 .text.__NVIC_EnableIRQ
                0x0000000008005f30       0x38 ./Core/Src/pn_sync_layer_main.o
 .text.__NVIC_DisableIRQ
                0x0000000008005f68       0x48 ./Core/Src/pn_sync_layer_main.o
 .text.rxCallback
                0x0000000008005fb0       0x2c ./Core/Src/pn_sync_layer_main.o
 .text.pn_can_sync_layer_thread
                0x0000000008005fdc      0x114 ./Core/Src/pn_sync_layer_main.o
                0x0000000008005fdc                pn_can_sync_layer_thread
 .text.pn_can_sync_layer_recCAN
                0x00000000080060f0       0x84 ./Core/Src/pn_sync_layer_main.o
                0x00000000080060f0                pn_can_sync_layer_recCAN
 .text.HAL_MspInit
                0x0000000008006174       0x64 ./Core/Src/stm32f1xx_hal_msp.o
                0x0000000008006174                HAL_MspInit
 .text.HAL_CAN_MspInit
                0x00000000080061d8       0xd0 ./Core/Src/stm32f1xx_hal_msp.o
                0x00000000080061d8                HAL_CAN_MspInit
 .text.HAL_CRC_MspInit
                0x00000000080062a8       0x3c ./Core/Src/stm32f1xx_hal_msp.o
                0x00000000080062a8                HAL_CRC_MspInit
 .text.HAL_SPI_MspInit
                0x00000000080062e4       0x94 ./Core/Src/stm32f1xx_hal_msp.o
                0x00000000080062e4                HAL_SPI_MspInit
 .text.HAL_TIM_Base_MspInit
                0x0000000008006378       0x84 ./Core/Src/stm32f1xx_hal_msp.o
                0x0000000008006378                HAL_TIM_Base_MspInit
 .text.HAL_UART_MspInit
                0x00000000080063fc       0x98 ./Core/Src/stm32f1xx_hal_msp.o
                0x00000000080063fc                HAL_UART_MspInit
 .text.NMI_Handler
                0x0000000008006494        0xa ./Core/Src/stm32f1xx_it.o
                0x0000000008006494                NMI_Handler
 .text.HardFault_Handler
                0x000000000800649e        0xa ./Core/Src/stm32f1xx_it.o
                0x000000000800649e                HardFault_Handler
 .text.MemManage_Handler
                0x00000000080064a8        0xa ./Core/Src/stm32f1xx_it.o
                0x00000000080064a8                MemManage_Handler
 .text.BusFault_Handler
                0x00000000080064b2        0xa ./Core/Src/stm32f1xx_it.o
                0x00000000080064b2                BusFault_Handler
 .text.UsageFault_Handler
                0x00000000080064bc        0xa ./Core/Src/stm32f1xx_it.o
                0x00000000080064bc                UsageFault_Handler
 .text.SVC_Handler
                0x00000000080064c6        0xc ./Core/Src/stm32f1xx_it.o
                0x00000000080064c6                SVC_Handler
 .text.DebugMon_Handler
                0x00000000080064d2        0xc ./Core/Src/stm32f1xx_it.o
                0x00000000080064d2                DebugMon_Handler
 .text.PendSV_Handler
                0x00000000080064de        0xc ./Core/Src/stm32f1xx_it.o
                0x00000000080064de                PendSV_Handler
 .text.SysTick_Handler
                0x00000000080064ea        0xc ./Core/Src/stm32f1xx_it.o
                0x00000000080064ea                SysTick_Handler
 *fill*         0x00000000080064f6        0x2 
 .text.USB_LP_CAN1_RX0_IRQHandler
                0x00000000080064f8       0x14 ./Core/Src/stm32f1xx_it.o
                0x00000000080064f8                USB_LP_CAN1_RX0_IRQHandler
 .text.TIM1_UP_IRQHandler
                0x000000000800650c       0x18 ./Core/Src/stm32f1xx_it.o
                0x000000000800650c                TIM1_UP_IRQHandler
 .text.TIM4_IRQHandler
                0x0000000008006524       0x14 ./Core/Src/stm32f1xx_it.o
                0x0000000008006524                TIM4_IRQHandler
 .text.SystemInit
                0x0000000008006538       0x1c ./Core/Src/system_stm32f1xx.o
                0x0000000008006538                SystemInit
 .text.Reset_Handler
                0x0000000008006554       0x48 ./Core/Startup/startup_stm32f103c8tx.o
                0x0000000008006554                Reset_Handler
 .text.Default_Handler
                0x000000000800659c        0x2 ./Core/Startup/startup_stm32f103c8tx.o
                0x000000000800659c                USBWakeUp_IRQHandler
                0x000000000800659c                EXTI2_IRQHandler
                0x000000000800659c                TIM1_CC_IRQHandler
                0x000000000800659c                PVD_IRQHandler
                0x000000000800659c                EXTI3_IRQHandler
                0x000000000800659c                EXTI0_IRQHandler
                0x000000000800659c                I2C2_EV_IRQHandler
                0x000000000800659c                ADC1_2_IRQHandler
                0x000000000800659c                SPI1_IRQHandler
                0x000000000800659c                TAMPER_IRQHandler
                0x000000000800659c                DMA1_Channel4_IRQHandler
                0x000000000800659c                USART3_IRQHandler
                0x000000000800659c                RTC_IRQHandler
                0x000000000800659c                DMA1_Channel7_IRQHandler
                0x000000000800659c                CAN1_RX1_IRQHandler
                0x000000000800659c                I2C1_EV_IRQHandler
                0x000000000800659c                DMA1_Channel6_IRQHandler
                0x000000000800659c                TIM3_IRQHandler
                0x000000000800659c                RCC_IRQHandler
                0x000000000800659c                TIM1_TRG_COM_IRQHandler
                0x000000000800659c                DMA1_Channel1_IRQHandler
                0x000000000800659c                Default_Handler
                0x000000000800659c                EXTI15_10_IRQHandler
                0x000000000800659c                EXTI9_5_IRQHandler
                0x000000000800659c                SPI2_IRQHandler
                0x000000000800659c                DMA1_Channel5_IRQHandler
                0x000000000800659c                EXTI4_IRQHandler
                0x000000000800659c                USB_HP_CAN1_TX_IRQHandler
                0x000000000800659c                DMA1_Channel3_IRQHandler
                0x000000000800659c                WWDG_IRQHandler
                0x000000000800659c                TIM2_IRQHandler
                0x000000000800659c                TIM1_BRK_IRQHandler
                0x000000000800659c                EXTI1_IRQHandler
                0x000000000800659c                USART2_IRQHandler
                0x000000000800659c                I2C2_ER_IRQHandler
                0x000000000800659c                DMA1_Channel2_IRQHandler
                0x000000000800659c                CAN1_SCE_IRQHandler
                0x000000000800659c                FLASH_IRQHandler
                0x000000000800659c                USART1_IRQHandler
                0x000000000800659c                I2C1_ER_IRQHandler
                0x000000000800659c                RTC_Alarm_IRQHandler
 *fill*         0x000000000800659e        0x2 
 .text.HAL_Init
                0x00000000080065a0       0x2c ./Drivers/STM32F1xx_HAL_Driver/stm32f1xx_hal.o
                0x00000000080065a0                HAL_Init
 .text.HAL_InitTick
                0x00000000080065cc       0x60 ./Drivers/STM32F1xx_HAL_Driver/stm32f1xx_hal.o
                0x00000000080065cc                HAL_InitTick
 .text.HAL_IncTick
                0x000000000800662c       0x24 ./Drivers/STM32F1xx_HAL_Driver/stm32f1xx_hal.o
                0x000000000800662c                HAL_IncTick
 .text.HAL_GetTick
                0x0000000008006650       0x14 ./Drivers/STM32F1xx_HAL_Driver/stm32f1xx_hal.o
                0x0000000008006650                HAL_GetTick
 .text.HAL_Delay
                0x0000000008006664       0x48 ./Drivers/STM32F1xx_HAL_Driver/stm32f1xx_hal.o
                0x0000000008006664                HAL_Delay
 .text.HAL_CAN_Init
                0x00000000080066ac      0x1f6 ./Drivers/STM32F1xx_HAL_Driver/stm32f1xx_hal_can.o
                0x00000000080066ac                HAL_CAN_Init
 .text.HAL_CAN_ConfigFilter
                0x00000000080068a2      0x192 ./Drivers/STM32F1xx_HAL_Driver/stm32f1xx_hal_can.o
                0x00000000080068a2                HAL_CAN_ConfigFilter
 .text.HAL_CAN_Start
                0x0000000008006a34       0x88 ./Drivers/STM32F1xx_HAL_Driver/stm32f1xx_hal_can.o
                0x0000000008006a34                HAL_CAN_Start
 .text.HAL_CAN_AddTxMessage
                0x0000000008006abc      0x1b4 ./Drivers/STM32F1xx_HAL_Driver/stm32f1xx_hal_can.o
                0x0000000008006abc                HAL_CAN_AddTxMessage
 .text.HAL_CAN_AbortTxRequest
                0x0000000008006c70       0x88 ./Drivers/STM32F1xx_HAL_Driver/stm32f1xx_hal_can.o
                0x0000000008006c70                HAL_CAN_AbortTxRequest
 .text.HAL_CAN_GetTxMailboxesFreeLevel
                0x0000000008006cf8       0x68 ./Drivers/STM32F1xx_HAL_Driver/stm32f1xx_hal_can.o
                0x0000000008006cf8                HAL_CAN_GetTxMailboxesFreeLevel
 .text.HAL_CAN_IsTxMessagePending
                0x0000000008006d60       0x46 ./Drivers/STM32F1xx_HAL_Driver/stm32f1xx_hal_can.o
                0x0000000008006d60                HAL_CAN_IsTxMessagePending
 .text.HAL_CAN_GetRxMessage
                0x0000000008006da6      0x222 ./Drivers/STM32F1xx_HAL_Driver/stm32f1xx_hal_can.o
                0x0000000008006da6                HAL_CAN_GetRxMessage
 .text.HAL_CAN_IRQHandler
                0x0000000008006fc8      0x36e ./Drivers/STM32F1xx_HAL_Driver/stm32f1xx_hal_can.o
                0x0000000008006fc8                HAL_CAN_IRQHandler
 .text.HAL_CAN_TxMailbox0CompleteCallback
                0x0000000008007336       0x12 ./Drivers/STM32F1xx_HAL_Driver/stm32f1xx_hal_can.o
                0x0000000008007336                HAL_CAN_TxMailbox0CompleteCallback
 .text.HAL_CAN_TxMailbox1CompleteCallback
                0x0000000008007348       0x12 ./Drivers/STM32F1xx_HAL_Driver/stm32f1xx_hal_can.o
                0x0000000008007348                HAL_CAN_TxMailbox1CompleteCallback
 .text.HAL_CAN_TxMailbox2CompleteCallback
                0x000000000800735a       0x12 ./Drivers/STM32F1xx_HAL_Driver/stm32f1xx_hal_can.o
                0x000000000800735a                HAL_CAN_TxMailbox2CompleteCallback
 .text.HAL_CAN_TxMailbox0AbortCallback
                0x000000000800736c       0x12 ./Drivers/STM32F1xx_HAL_Driver/stm32f1xx_hal_can.o
                0x000000000800736c                HAL_CAN_TxMailbox0AbortCallback
 .text.HAL_CAN_TxMailbox1AbortCallback
                0x000000000800737e       0x12 ./Drivers/STM32F1xx_HAL_Driver/stm32f1xx_hal_can.o
                0x000000000800737e                HAL_CAN_TxMailbox1AbortCallback
 .text.HAL_CAN_TxMailbox2AbortCallback
                0x0000000008007390       0x12 ./Drivers/STM32F1xx_HAL_Driver/stm32f1xx_hal_can.o
                0x0000000008007390                HAL_CAN_TxMailbox2AbortCallback
 .text.HAL_CAN_RxFifo0FullCallback
                0x00000000080073a2       0x12 ./Drivers/STM32F1xx_HAL_Driver/stm32f1xx_hal_can.o
                0x00000000080073a2                HAL_CAN_RxFifo0FullCallback
 .text.HAL_CAN_RxFifo1MsgPendingCallback
                0x00000000080073b4       0x12 ./Drivers/STM32F1xx_HAL_Driver/stm32f1xx_hal_can.o
                0x00000000080073b4                HAL_CAN_RxFifo1MsgPendingCallback
 .text.HAL_CAN_RxFifo1FullCallback
                0x00000000080073c6       0x12 ./Drivers/STM32F1xx_HAL_Driver/stm32f1xx_hal_can.o
                0x00000000080073c6                HAL_CAN_RxFifo1FullCallback
 .text.HAL_CAN_SleepCallback
                0x00000000080073d8       0x12 ./Drivers/STM32F1xx_HAL_Driver/stm32f1xx_hal_can.o
                0x00000000080073d8                HAL_CAN_SleepCallback
 .text.HAL_CAN_WakeUpFromRxMsgCallback
                0x00000000080073ea       0x12 ./Drivers/STM32F1xx_HAL_Driver/stm32f1xx_hal_can.o
                0x00000000080073ea                HAL_CAN_WakeUpFromRxMsgCallback
 .text.HAL_CAN_ErrorCallback
                0x00000000080073fc       0x12 ./Drivers/STM32F1xx_HAL_Driver/stm32f1xx_hal_can.o
                0x00000000080073fc                HAL_CAN_ErrorCallback
 *fill*         0x000000000800740e        0x2 
 .text.__NVIC_SetPriorityGrouping
                0x0000000008007410       0x48 ./Drivers/STM32F1xx_HAL_Driver/stm32f1xx_hal_cortex.o
 .text.__NVIC_GetPriorityGrouping
                0x0000000008007458       0x1c ./Drivers/STM32F1xx_HAL_Driver/stm32f1xx_hal_cortex.o
 .text.__NVIC_EnableIRQ
                0x0000000008007474       0x38 ./Drivers/STM32F1xx_HAL_Driver/stm32f1xx_hal_cortex.o
 .text.__NVIC_SetPriority
                0x00000000080074ac       0x54 ./Drivers/STM32F1xx_HAL_Driver/stm32f1xx_hal_cortex.o
 .text.NVIC_EncodePriority
                0x0000000008007500       0x64 ./Drivers/STM32F1xx_HAL_Driver/stm32f1xx_hal_cortex.o
 .text.__NVIC_SystemReset
                0x0000000008007564       0x2c ./Drivers/STM32F1xx_HAL_Driver/stm32f1xx_hal_cortex.o
 .text.SysTick_Config
                0x0000000008007590       0x44 ./Drivers/STM32F1xx_HAL_Driver/stm32f1xx_hal_cortex.o
 .text.HAL_NVIC_SetPriorityGrouping
                0x00000000080075d4       0x16 ./Drivers/STM32F1xx_HAL_Driver/stm32f1xx_hal_cortex.o
                0x00000000080075d4                HAL_NVIC_SetPriorityGrouping
 .text.HAL_NVIC_SetPriority
                0x00000000080075ea       0x38 ./Drivers/STM32F1xx_HAL_Driver/stm32f1xx_hal_cortex.o
                0x00000000080075ea                HAL_NVIC_SetPriority
 .text.HAL_NVIC_EnableIRQ
                0x0000000008007622       0x1c ./Drivers/STM32F1xx_HAL_Driver/stm32f1xx_hal_cortex.o
                0x0000000008007622                HAL_NVIC_EnableIRQ
 .text.HAL_NVIC_SystemReset
                0x000000000800763e        0x8 ./Drivers/STM32F1xx_HAL_Driver/stm32f1xx_hal_cortex.o
                0x000000000800763e                HAL_NVIC_SystemReset
 .text.HAL_SYSTICK_Config
                0x0000000008007646       0x18 ./Drivers/STM32F1xx_HAL_Driver/stm32f1xx_hal_cortex.o
                0x0000000008007646                HAL_SYSTICK_Config
 .text.HAL_CRC_Init
                0x000000000800765e       0x38 ./Drivers/STM32F1xx_HAL_Driver/stm32f1xx_hal_crc.o
                0x000000000800765e                HAL_CRC_Init
 .text.HAL_CRC_Accumulate
                0x0000000008007696       0x54 ./Drivers/STM32F1xx_HAL_Driver/stm32f1xx_hal_crc.o
                0x0000000008007696                HAL_CRC_Accumulate
 *fill*         0x00000000080076ea        0x2 
 .text.HAL_FLASH_Program
                0x00000000080076ec       0xe0 ./Drivers/STM32F1xx_HAL_Driver/stm32f1xx_hal_flash.o
                0x00000000080076ec                HAL_FLASH_Program
 .text.HAL_FLASH_Unlock
                0x00000000080077cc       0x4c ./Drivers/STM32F1xx_HAL_Driver/stm32f1xx_hal_flash.o
                0x00000000080077cc                HAL_FLASH_Unlock
 .text.HAL_FLASH_Lock
                0x0000000008007818       0x20 ./Drivers/STM32F1xx_HAL_Driver/stm32f1xx_hal_flash.o
                0x0000000008007818                HAL_FLASH_Lock
 .text.FLASH_Program_HalfWord
                0x0000000008007838       0x38 ./Drivers/STM32F1xx_HAL_Driver/stm32f1xx_hal_flash.o
 .text.FLASH_WaitForLastOperation
                0x0000000008007870       0x8c ./Drivers/STM32F1xx_HAL_Driver/stm32f1xx_hal_flash.o
                0x0000000008007870                FLASH_WaitForLastOperation
 .text.FLASH_SetErrorCode
                0x00000000080078fc       0xa0 ./Drivers/STM32F1xx_HAL_Driver/stm32f1xx_hal_flash.o
 .text.HAL_FLASHEx_Erase
                0x000000000800799c       0xd8 ./Drivers/STM32F1xx_HAL_Driver/stm32f1xx_hal_flash_ex.o
                0x000000000800799c                HAL_FLASHEx_Erase
 .text.FLASH_MassErase
                0x0000000008007a74       0x38 ./Drivers/STM32F1xx_HAL_Driver/stm32f1xx_hal_flash_ex.o
 .text.FLASH_PageErase
                0x0000000008007aac       0x40 ./Drivers/STM32F1xx_HAL_Driver/stm32f1xx_hal_flash_ex.o
                0x0000000008007aac                FLASH_PageErase
 .text.HAL_GPIO_Init
                0x0000000008007aec      0x308 ./Drivers/STM32F1xx_HAL_Driver/stm32f1xx_hal_gpio.o
                0x0000000008007aec                HAL_GPIO_Init
 .text.HAL_GPIO_WritePin
                0x0000000008007df4       0x30 ./Drivers/STM32F1xx_HAL_Driver/stm32f1xx_hal_gpio.o
                0x0000000008007df4                HAL_GPIO_WritePin
 .text.HAL_IWDG_Init
                0x0000000008007e24       0x84 ./Drivers/STM32F1xx_HAL_Driver/stm32f1xx_hal_iwdg.o
                0x0000000008007e24                HAL_IWDG_Init
 .text.HAL_IWDG_Refresh
                0x0000000008007ea8       0x1e ./Drivers/STM32F1xx_HAL_Driver/stm32f1xx_hal_iwdg.o
                0x0000000008007ea8                HAL_IWDG_Refresh
 *fill*         0x0000000008007ec6        0x2 
 .text.HAL_RCC_OscConfig
                0x0000000008007ec8      0x500 ./Drivers/STM32F1xx_HAL_Driver/stm32f1xx_hal_rcc.o
                0x0000000008007ec8                HAL_RCC_OscConfig
 .text.HAL_RCC_ClockConfig
                0x00000000080083c8      0x1d4 ./Drivers/STM32F1xx_HAL_Driver/stm32f1xx_hal_rcc.o
                0x00000000080083c8                HAL_RCC_ClockConfig
 .text.HAL_RCC_GetSysClockFreq
                0x000000000800859c       0xc0 ./Drivers/STM32F1xx_HAL_Driver/stm32f1xx_hal_rcc.o
                0x000000000800859c                HAL_RCC_GetSysClockFreq
 .text.HAL_RCC_GetHCLKFreq
                0x000000000800865c       0x14 ./Drivers/STM32F1xx_HAL_Driver/stm32f1xx_hal_rcc.o
                0x000000000800865c                HAL_RCC_GetHCLKFreq
 .text.HAL_RCC_GetPCLK1Freq
                0x0000000008008670       0x28 ./Drivers/STM32F1xx_HAL_Driver/stm32f1xx_hal_rcc.o
                0x0000000008008670                HAL_RCC_GetPCLK1Freq
 .text.HAL_RCC_GetPCLK2Freq
                0x0000000008008698       0x28 ./Drivers/STM32F1xx_HAL_Driver/stm32f1xx_hal_rcc.o
                0x0000000008008698                HAL_RCC_GetPCLK2Freq
 .text.RCC_Delay
                0x00000000080086c0       0x3c ./Drivers/STM32F1xx_HAL_Driver/stm32f1xx_hal_rcc.o
 .text.HAL_SPI_Init
                0x00000000080086fc      0x108 ./Drivers/STM32F1xx_HAL_Driver/stm32f1xx_hal_spi.o
                0x00000000080086fc                HAL_SPI_Init
 .text.HAL_SPI_Transmit
                0x0000000008008804      0x278 ./Drivers/STM32F1xx_HAL_Driver/stm32f1xx_hal_spi.o
                0x0000000008008804                HAL_SPI_Transmit
 .text.HAL_SPI_TransmitReceive
                0x0000000008008a7c      0x344 ./Drivers/STM32F1xx_HAL_Driver/stm32f1xx_hal_spi.o
                0x0000000008008a7c                HAL_SPI_TransmitReceive
 .text.SPI_WaitFlagStateUntilTimeout
                0x0000000008008dc0      0x110 ./Drivers/STM32F1xx_HAL_Driver/stm32f1xx_hal_spi.o
 .text.SPI_EndRxTxTransaction
                0x0000000008008ed0       0x3c ./Drivers/STM32F1xx_HAL_Driver/stm32f1xx_hal_spi.o
 .text.HAL_TIM_Base_Init
                0x0000000008008f0c       0x9e ./Drivers/STM32F1xx_HAL_Driver/stm32f1xx_hal_tim.o
                0x0000000008008f0c                HAL_TIM_Base_Init
 *fill*         0x0000000008008faa        0x2 
 .text.HAL_TIM_Base_Start_IT
                0x0000000008008fac       0xa4 ./Drivers/STM32F1xx_HAL_Driver/stm32f1xx_hal_tim.o
                0x0000000008008fac                HAL_TIM_Base_Start_IT
 .text.HAL_TIM_IRQHandler
                0x0000000008009050      0x210 ./Drivers/STM32F1xx_HAL_Driver/stm32f1xx_hal_tim.o
                0x0000000008009050                HAL_TIM_IRQHandler
 .text.HAL_TIM_ConfigClockSource
                0x0000000008009260      0x188 ./Drivers/STM32F1xx_HAL_Driver/stm32f1xx_hal_tim.o
                0x0000000008009260                HAL_TIM_ConfigClockSource
 .text.HAL_TIM_OC_DelayElapsedCallback
                0x00000000080093e8       0x12 ./Drivers/STM32F1xx_HAL_Driver/stm32f1xx_hal_tim.o
                0x00000000080093e8                HAL_TIM_OC_DelayElapsedCallback
 .text.HAL_TIM_IC_CaptureCallback
                0x00000000080093fa       0x12 ./Drivers/STM32F1xx_HAL_Driver/stm32f1xx_hal_tim.o
                0x00000000080093fa                HAL_TIM_IC_CaptureCallback
 .text.HAL_TIM_PWM_PulseFinishedCallback
                0x000000000800940c       0x12 ./Drivers/STM32F1xx_HAL_Driver/stm32f1xx_hal_tim.o
                0x000000000800940c                HAL_TIM_PWM_PulseFinishedCallback
 .text.HAL_TIM_TriggerCallback
                0x000000000800941e       0x12 ./Drivers/STM32F1xx_HAL_Driver/stm32f1xx_hal_tim.o
                0x000000000800941e                HAL_TIM_TriggerCallback
 .text.TIM_Base_SetConfig
                0x0000000008009430       0xc4 ./Drivers/STM32F1xx_HAL_Driver/stm32f1xx_hal_tim.o
                0x0000000008009430                TIM_Base_SetConfig
 .text.TIM_TI1_ConfigInputStage
                0x00000000080094f4       0x5c ./Drivers/STM32F1xx_HAL_Driver/stm32f1xx_hal_tim.o
 .text.TIM_TI2_ConfigInputStage
                0x0000000008009550       0x5e ./Drivers/STM32F1xx_HAL_Driver/stm32f1xx_hal_tim.o
 .text.TIM_ITRx_SetConfig
                0x00000000080095ae       0x34 ./Drivers/STM32F1xx_HAL_Driver/stm32f1xx_hal_tim.o
 .text.TIM_ETR_SetConfig
                0x00000000080095e2       0x3e ./Drivers/STM32F1xx_HAL_Driver/stm32f1xx_hal_tim.o
                0x00000000080095e2                TIM_ETR_SetConfig
 .text.HAL_TIMEx_MasterConfigSynchronization
                0x0000000008009620       0xbc ./Drivers/STM32F1xx_HAL_Driver/stm32f1xx_hal_tim_ex.o
                0x0000000008009620                HAL_TIMEx_MasterConfigSynchronization
 .text.HAL_TIMEx_CommutCallback
                0x00000000080096dc       0x12 ./Drivers/STM32F1xx_HAL_Driver/stm32f1xx_hal_tim_ex.o
                0x00000000080096dc                HAL_TIMEx_CommutCallback
 .text.HAL_TIMEx_BreakCallback
                0x00000000080096ee       0x12 ./Drivers/STM32F1xx_HAL_Driver/stm32f1xx_hal_tim_ex.o
                0x00000000080096ee                HAL_TIMEx_BreakCallback
 .text.HAL_UART_Init
                0x0000000008009700       0x9a ./Drivers/STM32F1xx_HAL_Driver/stm32f1xx_hal_uart.o
                0x0000000008009700                HAL_UART_Init
 *fill*         0x000000000800979a        0x2 
 .text.UART_SetConfig
                0x000000000800979c      0x11c ./Drivers/STM32F1xx_HAL_Driver/stm32f1xx_hal_uart.o
 .text.Show_Passkey
                0x00000000080098b8       0xa8 ./P1_graphics_module/src/dash_pages/ble_ui_pages.o
                0x00000000080098b8                Show_Passkey
 .text.Pairing_Successful
                0x0000000008009960       0x78 ./P1_graphics_module/src/dash_pages/ble_ui_pages.o
                0x0000000008009960                Pairing_Successful
 .text.Pairing_Failed
                0x00000000080099d8       0x78 ./P1_graphics_module/src/dash_pages/ble_ui_pages.o
                0x00000000080099d8                Pairing_Failed
 .text.Wait_For_Verification
                0x0000000008009a50       0x80 ./P1_graphics_module/src/dash_pages/charging_ui_pages.o
                0x0000000008009a50                Wait_For_Verification
 .text.Click_To_Disconnect_Charger
                0x0000000008009ad0       0xb0 ./P1_graphics_module/src/dash_pages/charging_ui_pages.o
                0x0000000008009ad0                Click_To_Disconnect_Charger
 .text.Charger_Out_Of_Service
                0x0000000008009b80       0x80 ./P1_graphics_module/src/dash_pages/charging_ui_pages.o
                0x0000000008009b80                Charger_Out_Of_Service
 .text.Press_Button_To_Initiate_Charging
                0x0000000008009c00       0xb4 ./P1_graphics_module/src/dash_pages/charging_ui_pages.o
                0x0000000008009c00                Press_Button_To_Initiate_Charging
 .text.Insufficient_Balance_For_Charging
                0x0000000008009cb4       0x78 ./P1_graphics_module/src/dash_pages/charging_ui_pages.o
                0x0000000008009cb4                Insufficient_Balance_For_Charging
 .text.Verification_Process
                0x0000000008009d2c       0x80 ./P1_graphics_module/src/dash_pages/charging_ui_pages.o
                0x0000000008009d2c                Verification_Process
 .text.Retry_Verification
                0x0000000008009dac       0x80 ./P1_graphics_module/src/dash_pages/charging_ui_pages.o
                0x0000000008009dac                Retry_Verification
 .text.Verification_Failed
                0x0000000008009e2c       0x80 ./P1_graphics_module/src/dash_pages/charging_ui_pages.o
                0x0000000008009e2c                Verification_Failed
 .text.Charging_Initiated
                0x0000000008009eac       0x58 ./P1_graphics_module/src/dash_pages/charging_ui_pages.o
                0x0000000008009eac                Charging_Initiated
 .text.Precheck_SoC
                0x0000000008009f04       0xb0 ./P1_graphics_module/src/dash_pages/ota_ui_pages.o
                0x0000000008009f04                Precheck_SoC
 .text.Precheck_Network_Strength
                0x0000000008009fb4       0x80 ./P1_graphics_module/src/dash_pages/ota_ui_pages.o
                0x0000000008009fb4                Precheck_Network_Strength
 .text.Precheck_Firmware_Version
                0x000000000800a034       0x80 ./P1_graphics_module/src/dash_pages/ota_ui_pages.o
                0x000000000800a034                Precheck_Firmware_Version
 .text.Precheck_Balance
                0x000000000800a0b4       0x80 ./P1_graphics_module/src/dash_pages/ota_ui_pages.o
                0x000000000800a0b4                Precheck_Balance
 .text.Downloading_Firmware
                0x000000000800a134      0x18c ./P1_graphics_module/src/dash_pages/ota_ui_pages.o
                0x000000000800a134                Downloading_Firmware
 .text.Installing_Firmware
                0x000000000800a2c0       0x98 ./P1_graphics_module/src/dash_pages/ota_ui_pages.o
                0x000000000800a2c0                Installing_Firmware
 .text.Firmware_Installation_Successful
                0x000000000800a358       0xac ./P1_graphics_module/src/dash_pages/ota_ui_pages.o
                0x000000000800a358                Firmware_Installation_Successful
 .text.Firmware_Installation_Failed
                0x000000000800a404       0xac ./P1_graphics_module/src/dash_pages/ota_ui_pages.o
                0x000000000800a404                Firmware_Installation_Failed
 .text.Network_Connection_Error
                0x000000000800a4b0       0x88 ./P1_graphics_module/src/dash_pages/ota_ui_pages.o
                0x000000000800a4b0                Network_Connection_Error
 .text.Firmware_Version_Upto_Date
                0x000000000800a538       0x88 ./P1_graphics_module/src/dash_pages/ota_ui_pages.o
                0x000000000800a538                Firmware_Version_Upto_Date
 .text.Insufficient_SoC_For_OTA
                0x000000000800a5c0       0x94 ./P1_graphics_module/src/dash_pages/ota_ui_pages.o
                0x000000000800a5c0                Insufficient_SoC_For_OTA
 .text.Insufficient_Balance_For_OTA
                0x000000000800a654       0x88 ./P1_graphics_module/src/dash_pages/ota_ui_pages.o
                0x000000000800a654                Insufficient_Balance_For_OTA
 *fill*         0x000000000800a6dc        0x4 
 .text.Starting_Splashscreen
                0x000000000800a6e0      0x200 ./P1_graphics_module/src/dash_pages/primary_ui_pages.o
                0x000000000800a6e0                Starting_Splashscreen
 .text.Ending_Splashscreen
                0x000000000800a8e0      0x1b4 ./P1_graphics_module/src/dash_pages/primary_ui_pages.o
                0x000000000800a8e0                Ending_Splashscreen
 .text.Discharging_UI
                0x000000000800aa94       0x88 ./P1_graphics_module/src/dash_pages/primary_ui_pages.o
                0x000000000800aa94                Discharging_UI
 .text.Stats_UI
                0x000000000800ab1c      0x2a8 ./P1_graphics_module/src/dash_pages/primary_ui_pages.o
                0x000000000800ab1c                Stats_UI
 .text.Wish_Happy_Birthday
                0x000000000800adc4      0x118 ./P1_graphics_module/src/dash_pages/wish_message_pages.o
                0x000000000800adc4                Wish_Happy_Birthday
 .text.Wish_Happy_New_Year
                0x000000000800aedc       0x98 ./P1_graphics_module/src/dash_pages/wish_message_pages.o
                0x000000000800aedc                Wish_Happy_New_Year
 .text.calculate_range_for_barGraph
                0x000000000800af74      0x190 ./P1_graphics_module/src/design_calculations.o
                0x000000000800af74                calculate_range_for_barGraph
 .text.calculate_coordinateY_for_weekly_data
                0x000000000800b104       0x58 ./P1_graphics_module/src/design_calculations.o
                0x000000000800b104                calculate_coordinateY_for_weekly_data
 .text.calculate_odo_max
                0x000000000800b15c       0x48 ./P1_graphics_module/src/design_calculations.o
                0x000000000800b15c                calculate_odo_max
 .text.dynamic_dot
                0x000000000800b1a4       0xf4 ./P1_graphics_module/src/design_calculations.o
                0x000000000800b1a4                dynamic_dot
 .text.dynamic_exclamation
                0x000000000800b298       0x94 ./P1_graphics_module/src/design_calculations.o
                0x000000000800b298                dynamic_exclamation
 .text.dynamic_warning_sign
                0x000000000800b32c       0x74 ./P1_graphics_module/src/design_calculations.o
                0x000000000800b32c                dynamic_warning_sign
 .text.mode_reverse
                0x000000000800b3a0       0x90 ./P1_graphics_module/src/design_elements.o
                0x000000000800b3a0                mode_reverse
 .text.mode_suste
                0x000000000800b430       0x90 ./P1_graphics_module/src/design_elements.o
                0x000000000800b430                mode_suste
 .text.mode_thikka
                0x000000000800b4c0       0x90 ./P1_graphics_module/src/design_elements.o
                0x000000000800b4c0                mode_thikka
 .text.mode_babbal
                0x000000000800b550       0x90 ./P1_graphics_module/src/design_elements.o
                0x000000000800b550                mode_babbal
 .text.load_sidelight_right
                0x000000000800b5e0       0x50 ./P1_graphics_module/src/design_elements.o
                0x000000000800b5e0                load_sidelight_right
 .text.load_sidelight_left
                0x000000000800b630       0x50 ./P1_graphics_module/src/design_elements.o
                0x000000000800b630                load_sidelight_left
 .text.show_Whpkm_indicator_line
                0x000000000800b680      0x100 ./P1_graphics_module/src/design_elements.o
                0x000000000800b680                show_Whpkm_indicator_line
 .text.show_drive_mode
                0x000000000800b780       0x44 ./P1_graphics_module/src/design_elements.o
                0x000000000800b780                show_drive_mode
 .text.show_Whpkm_value
                0x000000000800b7c4       0x54 ./P1_graphics_module/src/design_elements.o
                0x000000000800b7c4                show_Whpkm_value
 .text.show_odometer
                0x000000000800b818       0x50 ./P1_graphics_module/src/design_elements.o
                0x000000000800b818                show_odometer
 .text.show_trip_distance
                0x000000000800b868       0x54 ./P1_graphics_module/src/design_elements.o
                0x000000000800b868                show_trip_distance
 .text.show_bikespeed
                0x000000000800b8bc       0x5c ./P1_graphics_module/src/design_elements.o
                0x000000000800b8bc                show_bikespeed
 .text.show_sidelight
                0x000000000800b918       0x30 ./P1_graphics_module/src/design_elements.o
                0x000000000800b918                show_sidelight
 .text.show_stand_icon
                0x000000000800b948       0x30 ./P1_graphics_module/src/design_elements.o
                0x000000000800b948                show_stand_icon
 .text.Stand_Switch_Static
                0x000000000800b978       0x68 ./P1_graphics_module/src/design_elements.o
                0x000000000800b978                Stand_Switch_Static
 .text.Stand_Switch_Position_Change
                0x000000000800b9e0       0xd4 ./P1_graphics_module/src/design_elements.o
                0x000000000800b9e0                Stand_Switch_Position_Change
 .text.show_icons_home
                0x000000000800bab4       0x34 ./P1_graphics_module/src/design_elements.o
                0x000000000800bab4                show_icons_home
 .text.show_icons_stats
                0x000000000800bae8       0x38 ./P1_graphics_module/src/design_elements.o
                0x000000000800bae8                show_icons_stats
 .text.show_icons_chargingUI
                0x000000000800bb20       0x10 ./P1_graphics_module/src/design_elements.o
                0x000000000800bb20                show_icons_chargingUI
 .text.show_SoC_circular_bar
                0x000000000800bb30      0x128 ./P1_graphics_module/src/design_elements.o
                0x000000000800bb30                show_SoC_circular_bar
 .text.show_SoC_level
                0x000000000800bc58      0x324 ./P1_graphics_module/src/design_elements.o
                0x000000000800bc58                show_SoC_level
 .text.show_soc_percent_value
                0x000000000800bf7c       0xe8 ./P1_graphics_module/src/design_elements.o
                0x000000000800bf7c                show_soc_percent_value
 .text.show_bikename
                0x000000000800c064       0x34 ./P1_graphics_module/src/design_elements.o
                0x000000000800c064                show_bikename
 .text.show_temperature_value
                0x000000000800c098       0x50 ./P1_graphics_module/src/design_elements.o
                0x000000000800c098                show_temperature_value
 .text.show_series1_icon
                0x000000000800c0e8       0x68 ./P1_graphics_module/src/design_elements.o
                0x000000000800c0e8                show_series1_icon
 .text.dont_show_series1_icon
                0x000000000800c150       0xa0 ./P1_graphics_module/src/design_elements.o
                0x000000000800c150                dont_show_series1_icon
 .text.show_bike_render
                0x000000000800c1f0       0x68 ./P1_graphics_module/src/design_elements.o
                0x000000000800c1f0                show_bike_render
 .text.show_battery_icon
                0x000000000800c258      0x140 ./P1_graphics_module/src/design_elements.o
                0x000000000800c258                show_battery_icon
 .text.show_travelBoldly
                0x000000000800c398       0x6c ./P1_graphics_module/src/design_elements.o
                0x000000000800c398                show_travelBoldly
 .text.show_bluetooth_icon
                0x000000000800c404       0xd4 ./P1_graphics_module/src/design_elements.o
                0x000000000800c404                show_bluetooth_icon
 .text.show_location_icon
                0x000000000800c4d8       0xe4 ./P1_graphics_module/src/design_elements.o
                0x000000000800c4d8                show_location_icon
 .text.show_headlight_status_icon
                0x000000000800c5bc       0x90 ./P1_graphics_module/src/design_elements.o
                0x000000000800c5bc                show_headlight_status_icon
 .text.show_background_extrude
                0x000000000800c64c       0x6c ./P1_graphics_module/src/design_elements.o
                0x000000000800c64c                show_background_extrude
 .text.show_circle
                0x000000000800c6b8       0xcc ./P1_graphics_module/src/design_elements.o
                0x000000000800c6b8                show_circle
 .text.show_charging_SoC
                0x000000000800c784       0x34 ./P1_graphics_module/src/design_elements.o
                0x000000000800c784                show_charging_SoC
 .text.show_eta
                0x000000000800c7b8      0x144 ./P1_graphics_module/src/design_elements.o
                0x000000000800c7b8                show_eta
 .text.show_realtime
                0x000000000800c8fc       0x4c ./P1_graphics_module/src/design_elements.o
                0x000000000800c8fc                show_realtime
 .text.show_ride_profile_stats
                0x000000000800c948       0xf4 ./P1_graphics_module/src/design_elements.o
                0x000000000800c948                show_ride_profile_stats
 .text.show_stats_odo
                0x000000000800ca3c       0xf4 ./P1_graphics_module/src/design_elements.o
                0x000000000800ca3c                show_stats_odo
 .text.show_odo_graph
                0x000000000800cb30      0x11c ./P1_graphics_module/src/design_elements.o
                0x000000000800cb30                show_odo_graph
 .text.show_days_in_graph
                0x000000000800cc4c       0xd8 ./P1_graphics_module/src/design_elements.o
                0x000000000800cc4c                show_days_in_graph
 .text.show_small_yatri_logo
                0x000000000800cd24       0x34 ./P1_graphics_module/src/design_elements.o
                0x000000000800cd24                show_small_yatri_logo
 .text.add_transparent_film
                0x000000000800cd58       0x80 ./P1_graphics_module/src/design_elements.o
                0x000000000800cd58                add_transparent_film
 .text.popup_test
                0x000000000800cdd8       0x74 ./P1_graphics_module/src/design_elements.o
                0x000000000800cdd8                popup_test
 .text.ota_info_here
                0x000000000800ce4c       0xf4 ./P1_graphics_module/src/design_elements.o
                0x000000000800ce4c                ota_info_here
 .text.add_background_wallpaper
                0x000000000800cf40       0x60 ./P1_graphics_module/src/design_elements.o
                0x000000000800cf40                add_background_wallpaper
 .text.show_network_strength
                0x000000000800cfa0      0x260 ./P1_graphics_module/src/design_elements.o
                0x000000000800cfa0                show_network_strength
 .text.show_incoming_call_notification
                0x000000000800d200      0x124 ./P1_graphics_module/src/design_elements.o
                0x000000000800d200                show_incoming_call_notification
 .text.crc32_calculate
                0x000000000800d324       0x8c ./data_control/src/pn_can_sync_layer.o
 .text.getMillis
                0x000000000800d3b0        0xe ./data_control/src/pn_can_sync_layer.o
 *fill*         0x000000000800d3be        0x2 
 .text.rxSendThread
                0x000000000800d3c0      0x274 ./data_control/src/pn_can_sync_layer.o
                0x000000000800d3c0                rxSendThread
 .text.rxReceiveThread
                0x000000000800d634      0x1b8 ./data_control/src/pn_can_sync_layer.o
                0x000000000800d634                rxReceiveThread
 .text.reverseStr
                0x000000000800d7ec       0x64 ./data_control/src/print.o
 .text.intToStr
                0x000000000800d850      0x132 ./data_control/src/print.o
 .text.strToInt
                0x000000000800d982       0x5e ./data_control/src/print.o
 .text.sprint   0x000000000800d9e0      0x22c ./data_control/src/print.o
                0x000000000800d9e0                sprint
 .text.App_WrCoCmd_Buffer
                0x000000000800dc0c       0x28 ./riverdi_modules/src/app_layer/App_Common.o
                0x000000000800dc0c                App_WrCoCmd_Buffer
 .text.App_Flush_Co_Buffer
                0x000000000800dc34       0x1c ./riverdi_modules/src/app_layer/App_Common.o
                0x000000000800dc34                App_Flush_Co_Buffer
 .text.App_Common_Init
                0x000000000800dc50      0x240 ./riverdi_modules/src/app_layer/App_Common.o
                0x000000000800dc50                App_Common_Init
 .text.COUNT_ARGS
                0x000000000800de90       0x4a ./riverdi_modules/src/eve_layer/CoPro_Cmds.o
 .text.Gpu_CoCmd_Text
                0x000000000800deda       0xf6 ./riverdi_modules/src/eve_layer/CoPro_Cmds.o
                0x000000000800deda                Gpu_CoCmd_Text
 .text.Gpu_CoCmd_LoadIdentity
                0x000000000800dfd0       0x2a ./riverdi_modules/src/eve_layer/CoPro_Cmds.o
                0x000000000800dfd0                Gpu_CoCmd_LoadIdentity
 .text.Gpu_CoCmd_Swap
                0x000000000800dffa       0x2a ./riverdi_modules/src/eve_layer/CoPro_Cmds.o
                0x000000000800dffa                Gpu_CoCmd_Swap
 .text.Gpu_CoCmd_Translate
                0x000000000800e024       0x42 ./riverdi_modules/src/eve_layer/CoPro_Cmds.o
                0x000000000800e024                Gpu_CoCmd_Translate
 .text.Gpu_CoCmd_Scale
                0x000000000800e066       0x42 ./riverdi_modules/src/eve_layer/CoPro_Cmds.o
                0x000000000800e066                Gpu_CoCmd_Scale
 .text.Gpu_CoCmd_SetMatrix
                0x000000000800e0a8       0x2a ./riverdi_modules/src/eve_layer/CoPro_Cmds.o
                0x000000000800e0a8                Gpu_CoCmd_SetMatrix
 .text.Gpu_CoCmd_Dlstart
                0x000000000800e0d2       0x2a ./riverdi_modules/src/eve_layer/CoPro_Cmds.o
                0x000000000800e0d2                Gpu_CoCmd_Dlstart
 .text.Gpu_CoCmd_SetBitmap
                0x000000000800e0fc       0x5a ./riverdi_modules/src/eve_layer/CoPro_Cmds.o
                0x000000000800e0fc                Gpu_CoCmd_SetBitmap
 .text.Gpu_CoCmd_SetFont2
                0x000000000800e156       0x48 ./riverdi_modules/src/eve_layer/CoPro_Cmds.o
                0x000000000800e156                Gpu_CoCmd_SetFont2
 .text.Gpu_CoCmd_FlashRead
                0x000000000800e19e       0x48 ./riverdi_modules/src/eve_layer/CoPro_Cmds.o
                0x000000000800e19e                Gpu_CoCmd_FlashRead
 .text.Gpu_CoCmd_FlashSource
                0x000000000800e1e6       0x34 ./riverdi_modules/src/eve_layer/CoPro_Cmds.o
                0x000000000800e1e6                Gpu_CoCmd_FlashSource
 .text.Gpu_CoCmd_FlashFast
                0x000000000800e21a       0x34 ./riverdi_modules/src/eve_layer/CoPro_Cmds.o
                0x000000000800e21a                Gpu_CoCmd_FlashFast
 .text.Gpu_Copro_SendCmd
                0x000000000800e24e       0x1a ./riverdi_modules/src/eve_layer/CoPro_Cmds.o
                0x000000000800e24e                Gpu_Copro_SendCmd
 .text.Gpu_CoCmd_SendStr
                0x000000000800e268       0x64 ./riverdi_modules/src/eve_layer/CoPro_Cmds.o
                0x000000000800e268                Gpu_CoCmd_SendStr
 .text.Gpu_CoCmd_StartFunc
                0x000000000800e2cc       0x2a ./riverdi_modules/src/eve_layer/CoPro_Cmds.o
                0x000000000800e2cc                Gpu_CoCmd_StartFunc
 .text.Gpu_CoCmd_EndFunc
                0x000000000800e2f6       0x24 ./riverdi_modules/src/eve_layer/CoPro_Cmds.o
                0x000000000800e2f6                Gpu_CoCmd_EndFunc
 .text.Gpu_Hal_Init
                0x000000000800e31a       0x18 ./riverdi_modules/src/eve_layer/Gpu_Hal.o
                0x000000000800e31a                Gpu_Hal_Init
 .text.Gpu_Hal_Open
                0x000000000800e332       0x5a ./riverdi_modules/src/eve_layer/Gpu_Hal.o
                0x000000000800e332                Gpu_Hal_Open
 .text.Gpu_Hal_StartTransfer
                0x000000000800e38c       0x96 ./riverdi_modules/src/eve_layer/Gpu_Hal.o
                0x000000000800e38c                Gpu_Hal_StartTransfer
 .text.Gpu_Hal_StartCmdTransfer
                0x000000000800e422       0x2a ./riverdi_modules/src/eve_layer/Gpu_Hal.o
                0x000000000800e422                Gpu_Hal_StartCmdTransfer
 .text.Gpu_Hal_TransferString
                0x000000000800e44c       0x42 ./riverdi_modules/src/eve_layer/Gpu_Hal.o
                0x000000000800e44c                Gpu_Hal_TransferString
 .text.Gpu_Hal_Transfer8
                0x000000000800e48e       0x26 ./riverdi_modules/src/eve_layer/Gpu_Hal.o
                0x000000000800e48e                Gpu_Hal_Transfer8
 .text.Gpu_Hal_Transfer16
                0x000000000800e4b4       0x64 ./riverdi_modules/src/eve_layer/Gpu_Hal.o
                0x000000000800e4b4                Gpu_Hal_Transfer16
 .text.Gpu_Hal_Transfer32
                0x000000000800e518       0x5a ./riverdi_modules/src/eve_layer/Gpu_Hal.o
                0x000000000800e518                Gpu_Hal_Transfer32
 .text.Gpu_Hal_EndTransfer
                0x000000000800e572       0x20 ./riverdi_modules/src/eve_layer/Gpu_Hal.o
                0x000000000800e572                Gpu_Hal_EndTransfer
 .text.Gpu_Hal_Rd8
                0x000000000800e592       0x34 ./riverdi_modules/src/eve_layer/Gpu_Hal.o
                0x000000000800e592                Gpu_Hal_Rd8
 .text.Gpu_Hal_Rd16
                0x000000000800e5c6       0x34 ./riverdi_modules/src/eve_layer/Gpu_Hal.o
                0x000000000800e5c6                Gpu_Hal_Rd16
 .text.Gpu_Hal_Wr8
                0x000000000800e5fa       0x30 ./riverdi_modules/src/eve_layer/Gpu_Hal.o
                0x000000000800e5fa                Gpu_Hal_Wr8
 .text.Gpu_Hal_Wr16
                0x000000000800e62a       0x30 ./riverdi_modules/src/eve_layer/Gpu_Hal.o
                0x000000000800e62a                Gpu_Hal_Wr16
 .text.Gpu_Hal_Wr32
                0x000000000800e65a       0x2c ./riverdi_modules/src/eve_layer/Gpu_Hal.o
                0x000000000800e65a                Gpu_Hal_Wr32
 .text.Gpu_HostCommand
                0x000000000800e686       0x42 ./riverdi_modules/src/eve_layer/Gpu_Hal.o
                0x000000000800e686                Gpu_HostCommand
 .text.Gpu_HostCommand_Ext3
                0x000000000800e6c8       0x4a ./riverdi_modules/src/eve_layer/Gpu_Hal.o
                0x000000000800e6c8                Gpu_HostCommand_Ext3
 .text.Gpu_Hal_Sleep
                0x000000000800e712       0x16 ./riverdi_modules/src/eve_layer/Gpu_Hal.o
                0x000000000800e712                Gpu_Hal_Sleep
 .text.Gpu_Hal_WrMem
                0x000000000800e728       0x44 ./riverdi_modules/src/eve_layer/Gpu_Hal.o
                0x000000000800e728                Gpu_Hal_WrMem
 .text.Gpu_81X_SelectSysCLK
                0x000000000800e76c       0x7c ./riverdi_modules/src/eve_layer/Gpu_Hal.o
                0x000000000800e76c                Gpu_81X_SelectSysCLK
 .text.Gpu_Hal_SetSPI
                0x000000000800e7e8       0x64 ./riverdi_modules/src/eve_layer/Gpu_Hal.o
                0x000000000800e7e8                Gpu_Hal_SetSPI
 .text.Gpu_Hal_Updatecmdfifo
                0x000000000800e84c       0x50 ./riverdi_modules/src/eve_layer/Gpu_Hal.o
                0x000000000800e84c                Gpu_Hal_Updatecmdfifo
 .text.Gpu_Cmdfifo_Freespace
                0x000000000800e89c       0x38 ./riverdi_modules/src/eve_layer/Gpu_Hal.o
                0x000000000800e89c                Gpu_Cmdfifo_Freespace
 .text.Gpu_Hal_CheckCmdBuffer
                0x000000000800e8d4       0x26 ./riverdi_modules/src/eve_layer/Gpu_Hal.o
                0x000000000800e8d4                Gpu_Hal_CheckCmdBuffer
 *fill*         0x000000000800e8fa        0x2 
 .text.Gpu_Hal_WaitCmdfifo_empty
                0x000000000800e8fc       0x44 ./riverdi_modules/src/eve_layer/Gpu_Hal.o
                0x000000000800e8fc                Gpu_Hal_WaitCmdfifo_empty
 .text.Gpu_Hal_WrCmd32
                0x000000000800e940       0x34 ./riverdi_modules/src/eve_layer/Gpu_Hal.o
                0x000000000800e940                Gpu_Hal_WrCmd32
 .text.Gpu_ClearScreen
                0x000000000800e974       0x30 ./riverdi_modules/src/eve_layer/Gpu_Hal.o
                0x000000000800e974                Gpu_ClearScreen
 .text.platform_init
                0x000000000800e9a4       0x14 ./riverdi_modules/src/platform.o
                0x000000000800e9a4                platform_init
 .text.platform_sleep_ms
                0x000000000800e9b8       0x16 ./riverdi_modules/src/platform.o
                0x000000000800e9b8                platform_sleep_ms
 .text.platform_spi_init
                0x000000000800e9ce       0x14 ./riverdi_modules/src/platform.o
                0x000000000800e9ce                platform_spi_init
 *fill*         0x000000000800e9e2        0x2 
 .text.platform_spi_send_recv_byte
                0x000000000800e9e4       0x34 ./riverdi_modules/src/platform.o
                0x000000000800e9e4                platform_spi_send_recv_byte
 .text.platform_spi_send_data
                0x000000000800ea18       0x2c ./riverdi_modules/src/platform.o
                0x000000000800ea18                platform_spi_send_data
 .text.platform_gpio_init
                0x000000000800ea44       0x54 ./riverdi_modules/src/platform.o
                0x000000000800ea44                platform_gpio_init
 .text.platform_gpio_value
                0x000000000800ea98       0x2c ./riverdi_modules/src/platform.o
                0x000000000800ea98                platform_gpio_value
 .text.load_color_turquoise
                0x000000000800eac4       0x1c ./standard_graphics_module/src/color_elements.o
                0x000000000800eac4                load_color_turquoise
 .text.load_color_blue
                0x000000000800eae0       0x1c ./standard_graphics_module/src/color_elements.o
                0x000000000800eae0                load_color_blue
 .text.load_color_black
                0x000000000800eafc       0x1c ./standard_graphics_module/src/color_elements.o
                0x000000000800eafc                load_color_black
 .text.load_color_orange
                0x000000000800eb18       0x1c ./standard_graphics_module/src/color_elements.o
                0x000000000800eb18                load_color_orange
 .text.load_color_sap_green
                0x000000000800eb34       0x1c ./standard_graphics_module/src/color_elements.o
                0x000000000800eb34                load_color_sap_green
 .text.load_color_red
                0x000000000800eb50       0x1c ./standard_graphics_module/src/color_elements.o
                0x000000000800eb50                load_color_red
 .text.load_text_color
                0x000000000800eb6c       0x20 ./standard_graphics_module/src/color_elements.o
                0x000000000800eb6c                load_text_color
 .text.load_color_lightMode_gray
                0x000000000800eb8c       0x1c ./standard_graphics_module/src/color_elements.o
                0x000000000800eb8c                load_color_lightMode_gray
 .text.load_color_white
                0x000000000800eba8       0x1c ./standard_graphics_module/src/color_elements.o
                0x000000000800eba8                load_color_white
 .text.set_background_color_wallpaper
                0x000000000800ebc4       0x30 ./standard_graphics_module/src/color_elements.o
                0x000000000800ebc4                set_background_color_wallpaper
 .text.background_color_black
                0x000000000800ebf4       0x2c ./standard_graphics_module/src/color_elements.o
                0x000000000800ebf4                background_color_black
 .text.background_color_grey_118
                0x000000000800ec20       0x2c ./standard_graphics_module/src/color_elements.o
                0x000000000800ec20                background_color_grey_118
 .text.load_color_lightMode_grey_137
                0x000000000800ec4c       0x1c ./standard_graphics_module/src/color_elements.o
                0x000000000800ec4c                load_color_lightMode_grey_137
 .text.load_color_lightMode_grey_196
                0x000000000800ec68       0x1c ./standard_graphics_module/src/color_elements.o
                0x000000000800ec68                load_color_lightMode_grey_196
 .text.load_color_lightMode_grey_155
                0x000000000800ec84       0x1c ./standard_graphics_module/src/color_elements.o
                0x000000000800ec84                load_color_lightMode_grey_155
 .text.load_color_light_green
                0x000000000800eca0       0x1c ./standard_graphics_module/src/color_elements.o
                0x000000000800eca0                load_color_light_green
 .text.load_color_dark_green
                0x000000000800ecbc       0x1c ./standard_graphics_module/src/color_elements.o
                0x000000000800ecbc                load_color_dark_green
 .text.load_color_grey_30
                0x000000000800ecd8       0x1c ./standard_graphics_module/src/color_elements.o
                0x000000000800ecd8                load_color_grey_30
 .text.r2p      0x000000000800ecf4       0x44 ./standard_graphics_module/src/color_elements.o
                0x000000000800ecf4                r2p
 .text.set_darkmode_ui_design_elements
                0x000000000800ed38       0x40 ./standard_graphics_module/src/color_elements.o
                0x000000000800ed38                set_darkmode_ui_design_elements
 .text.set_lightmode_ui_design_elements
                0x000000000800ed78       0x3c ./standard_graphics_module/src/color_elements.o
                0x000000000800ed78                set_lightmode_ui_design_elements
 .text.set_ui_mode
                0x000000000800edb4       0x30 ./standard_graphics_module/src/color_elements.o
                0x000000000800edb4                set_ui_mode
 .text.set_light_mode_pop_ui_elements_color_elements
                0x000000000800ede4       0x48 ./standard_graphics_module/src/color_elements.o
                0x000000000800ede4                set_light_mode_pop_ui_elements_color_elements
 .text.set_dark_mode_pop_ui_elements_color_elements
                0x000000000800ee2c       0x48 ./standard_graphics_module/src/color_elements.o
                0x000000000800ee2c                set_dark_mode_pop_ui_elements_color_elements
 .text.Barlow_bold_12
                0x000000000800ee74       0x3c ./standard_graphics_module/src/fonts.o
                0x000000000800ee74                Barlow_bold_12
 .text.Barlow_bold_18
                0x000000000800eeb0       0x3c ./standard_graphics_module/src/fonts.o
                0x000000000800eeb0                Barlow_bold_18
 .text.Barlow_bold_20
                0x000000000800eeec       0x3c ./standard_graphics_module/src/fonts.o
                0x000000000800eeec                Barlow_bold_20
 .text.Barlow_bold_32
                0x000000000800ef28       0x3c ./standard_graphics_module/src/fonts.o
                0x000000000800ef28                Barlow_bold_32
 .text.Barlow_bold_24
                0x000000000800ef64       0x3c ./standard_graphics_module/src/fonts.o
                0x000000000800ef64                Barlow_bold_24
 .text.Barlow_extrabold_24
                0x000000000800efa0       0x3c ./standard_graphics_module/src/fonts.o
                0x000000000800efa0                Barlow_extrabold_24
 .text.Barlow_extrabold_28
                0x000000000800efdc       0x3c ./standard_graphics_module/src/fonts.o
                0x000000000800efdc                Barlow_extrabold_28
 .text.Barlow_extrabold_40
                0x000000000800f018       0x3c ./standard_graphics_module/src/fonts.o
                0x000000000800f018                Barlow_extrabold_40
 .text.Barlow_medium_10
                0x000000000800f054       0x3c ./standard_graphics_module/src/fonts.o
                0x000000000800f054                Barlow_medium_10
 .text.Barlow_medium_12
                0x000000000800f090       0x3c ./standard_graphics_module/src/fonts.o
                0x000000000800f090                Barlow_medium_12
 .text.Barlow_semibold_14
                0x000000000800f0cc       0x3c ./standard_graphics_module/src/fonts.o
                0x000000000800f0cc                Barlow_semibold_14
 .text.Barlow_semibold_20
                0x000000000800f108       0x3c ./standard_graphics_module/src/fonts.o
                0x000000000800f108                Barlow_semibold_20
 .text.Barlow_semibold_32
                0x000000000800f144       0x3c ./standard_graphics_module/src/fonts.o
                0x000000000800f144                Barlow_semibold_32
 .text.Barlow_semibold_48
                0x000000000800f180       0x3c ./standard_graphics_module/src/fonts.o
                0x000000000800f180                Barlow_semibold_48
 .text.Barlow_semibold_112
                0x000000000800f1bc       0x3c ./standard_graphics_module/src/fonts.o
                0x000000000800f1bc                Barlow_semibold_112
 .text.initialize_graphics_controller
                0x000000000800f1f8       0x5c ./standard_graphics_module/src/graphical_operations.o
                0x000000000800f1f8                initialize_graphics_controller
 .text.display_power_down
                0x000000000800f254       0x2c ./standard_graphics_module/src/graphical_operations.o
                0x000000000800f254                display_power_down
 .text.display_power_up
                0x000000000800f280       0x2c ./standard_graphics_module/src/graphical_operations.o
                0x000000000800f280                display_power_up
 .text.launch_dash
                0x000000000800f2ac       0x18 ./standard_graphics_module/src/graphical_operations.o
                0x000000000800f2ac                launch_dash
 .text.clearscreen
                0x000000000800f2c4       0x1c ./standard_graphics_module/src/graphical_operations.o
                0x000000000800f2c4                clearscreen
 .text.clear_buffer
                0x000000000800f2e0       0x34 ./standard_graphics_module/src/graphical_operations.o
                0x000000000800f2e0                clear_buffer
 .text.Load_ImageASTC
                0x000000000800f314       0x84 ./standard_graphics_module/src/graphical_operations.o
                0x000000000800f314                Load_ImageASTC
 .text.Draw_Triangle
                0x000000000800f398      0x290 ./standard_graphics_module/src/graphical_operations.o
                0x000000000800f398                Draw_Triangle
 .text.__libc_init_array
                0x000000000800f628       0x48 /Applications/STM32CubeIDE.app/Contents/Eclipse/plugins/com.st.stm32cube.ide.mcu.externaltools.gnu-tools-for-stm32.9-2020-q2-update.macos64_2.0.0.202105311346/tools/bin/../lib/gcc/arm-none-eabi/9.3.1/../../../../arm-none-eabi/lib/thumb/v7-m/nofp/libc_nano.a(lib_a-init.o)
                0x000000000800f628                __libc_init_array
 .text.memset   0x000000000800f670       0x10 /Applications/STM32CubeIDE.app/Contents/Eclipse/plugins/com.st.stm32cube.ide.mcu.externaltools.gnu-tools-for-stm32.9-2020-q2-update.macos64_2.0.0.202105311346/tools/bin/../lib/gcc/arm-none-eabi/9.3.1/../../../../arm-none-eabi/lib/thumb/v7-m/nofp/libc_nano.a(lib_a-memset.o)
                0x000000000800f670                memset
 .text.strchr   0x000000000800f680       0x1a /Applications/STM32CubeIDE.app/Contents/Eclipse/plugins/com.st.stm32cube.ide.mcu.externaltools.gnu-tools-for-stm32.9-2020-q2-update.macos64_2.0.0.202105311346/tools/bin/../lib/gcc/arm-none-eabi/9.3.1/../../../../arm-none-eabi/lib/thumb/v7-m/nofp/libc_nano.a(lib_a-strchr.o)
                0x000000000800f680                strchr
 *(.glue_7)
 .glue_7        0x000000000800f69a        0x0 linker stubs
 *(.glue_7t)
 .glue_7t       0x000000000800f69a        0x0 linker stubs
 *(.eh_frame)
 *fill*         0x000000000800f69a        0x2 
 .eh_frame      0x000000000800f69c        0x0 /Applications/STM32CubeIDE.app/Contents/Eclipse/plugins/com.st.stm32cube.ide.mcu.externaltools.gnu-tools-for-stm32.9-2020-q2-update.macos64_2.0.0.202105311346/tools/bin/../lib/gcc/arm-none-eabi/9.3.1/thumb/v7-m/nofp/crtbegin.o
 *(.init)
 .init          0x000000000800f69c        0x4 /Applications/STM32CubeIDE.app/Contents/Eclipse/plugins/com.st.stm32cube.ide.mcu.externaltools.gnu-tools-for-stm32.9-2020-q2-update.macos64_2.0.0.202105311346/tools/bin/../lib/gcc/arm-none-eabi/9.3.1/thumb/v7-m/nofp/crti.o
                0x000000000800f69c                _init
 .init          0x000000000800f6a0        0x8 /Applications/STM32CubeIDE.app/Contents/Eclipse/plugins/com.st.stm32cube.ide.mcu.externaltools.gnu-tools-for-stm32.9-2020-q2-update.macos64_2.0.0.202105311346/tools/bin/../lib/gcc/arm-none-eabi/9.3.1/thumb/v7-m/nofp/crtn.o
 *(.fini)
 .fini          0x000000000800f6a8        0x4 /Applications/STM32CubeIDE.app/Contents/Eclipse/plugins/com.st.stm32cube.ide.mcu.externaltools.gnu-tools-for-stm32.9-2020-q2-update.macos64_2.0.0.202105311346/tools/bin/../lib/gcc/arm-none-eabi/9.3.1/thumb/v7-m/nofp/crti.o
                0x000000000800f6a8                _fini
 .fini          0x000000000800f6ac        0x8 /Applications/STM32CubeIDE.app/Contents/Eclipse/plugins/com.st.stm32cube.ide.mcu.externaltools.gnu-tools-for-stm32.9-2020-q2-update.macos64_2.0.0.202105311346/tools/bin/../lib/gcc/arm-none-eabi/9.3.1/thumb/v7-m/nofp/crtn.o
                0x000000000800f6b4                . = ALIGN (0x4)
                0x000000000800f6b4                _etext = .

.vfp11_veneer   0x000000000800f6b4        0x0
 .vfp11_veneer  0x000000000800f6b4        0x0 linker stubs

.v4_bx          0x000000000800f6b4        0x0
 .v4_bx         0x000000000800f6b4        0x0 linker stubs

.iplt           0x000000000800f6b4        0x0
 .iplt          0x000000000800f6b4        0x0 /Applications/STM32CubeIDE.app/Contents/Eclipse/plugins/com.st.stm32cube.ide.mcu.externaltools.gnu-tools-for-stm32.9-2020-q2-update.macos64_2.0.0.202105311346/tools/bin/../lib/gcc/arm-none-eabi/9.3.1/thumb/v7-m/nofp/crtbegin.o

.rodata         0x000000000800f6b4      0x5dc
                0x000000000800f6b4                . = ALIGN (0x4)
 *(.rodata)
 .rodata        0x000000000800f6b4       0x9a ./Core/Src/data_control.o
 *fill*         0x000000000800f74e        0x2 
 .rodata        0x000000000800f750       0xad ./Core/Src/define.o
 *fill*         0x000000000800f7fd        0x3 
 .rodata        0x000000000800f800       0x12 ./Core/Src/main.o
 *fill*         0x000000000800f812        0x2 
 .rodata        0x000000000800f814       0x10 ./Drivers/STM32F1xx_HAL_Driver/stm32f1xx_hal_rcc.o
 .rodata        0x000000000800f824       0x3b ./P1_graphics_module/src/dash_pages/ble_ui_pages.o
 *fill*         0x000000000800f85f        0x1 
 .rodata        0x000000000800f860      0x11c ./P1_graphics_module/src/dash_pages/charging_ui_pages.o
 .rodata        0x000000000800f97c      0x171 ./P1_graphics_module/src/dash_pages/ota_ui_pages.o
 *fill*         0x000000000800faed        0x3 
 .rodata        0x000000000800faf0        0x6 ./P1_graphics_module/src/dash_pages/primary_ui_pages.o
 *fill*         0x000000000800faf6        0x2 
 .rodata        0x000000000800faf8       0x59 ./P1_graphics_module/src/dash_pages/wish_message_pages.o
 *fill*         0x000000000800fb51        0x3 
 .rodata        0x000000000800fb54       0x1a ./P1_graphics_module/src/design_calculations.o
 *fill*         0x000000000800fb6e        0x2 
 .rodata        0x000000000800fb70       0xf6 ./P1_graphics_module/src/design_elements.o
 *fill*         0x000000000800fc66        0x2 
 .rodata        0x000000000800fc68        0x3 ./data_control/src/print.o
 *(.rodata*)
 *fill*         0x000000000800fc6b        0x1 
 .rodata.AHBPrescTable
                0x000000000800fc6c       0x10 ./Core/Src/system_stm32f1xx.o
                0x000000000800fc6c                AHBPrescTable
 .rodata.APBPrescTable
                0x000000000800fc7c        0x8 ./Core/Src/system_stm32f1xx.o
                0x000000000800fc7c                APBPrescTable
 .rodata.DLCODE_BOOTUP
                0x000000000800fc84        0xc ./riverdi_modules/src/eve_layer/Gpu_Hal.o
                0x000000000800fc84                DLCODE_BOOTUP
                0x000000000800fc90                . = ALIGN (0x4)

.rel.dyn        0x000000000800fc90        0x0
 .rel.iplt      0x000000000800fc90        0x0 /Applications/STM32CubeIDE.app/Contents/Eclipse/plugins/com.st.stm32cube.ide.mcu.externaltools.gnu-tools-for-stm32.9-2020-q2-update.macos64_2.0.0.202105311346/tools/bin/../lib/gcc/arm-none-eabi/9.3.1/thumb/v7-m/nofp/crtbegin.o

.ARM.extab      0x000000000800fc90        0x0
                0x000000000800fc90                . = ALIGN (0x4)
 *(.ARM.extab* .gnu.linkonce.armextab.*)
                0x000000000800fc90                . = ALIGN (0x4)

.ARM            0x000000000800fc90        0x0
                0x000000000800fc90                . = ALIGN (0x4)
                0x000000000800fc90                __exidx_start = .
 *(.ARM.exidx*)
                0x000000000800fc90                __exidx_end = .
                0x000000000800fc90                . = ALIGN (0x4)

.preinit_array  0x000000000800fc90        0x0
                0x000000000800fc90                . = ALIGN (0x4)
                0x000000000800fc90                PROVIDE (__preinit_array_start = .)
 *(.preinit_array*)
                0x000000000800fc90                PROVIDE (__preinit_array_end = .)
                0x000000000800fc90                . = ALIGN (0x4)

.init_array     0x000000000800fc90        0x4
                0x000000000800fc90                . = ALIGN (0x4)
                0x000000000800fc90                PROVIDE (__init_array_start = .)
 *(SORT_BY_NAME(.init_array.*))
 *(.init_array*)
 .init_array    0x000000000800fc90        0x4 /Applications/STM32CubeIDE.app/Contents/Eclipse/plugins/com.st.stm32cube.ide.mcu.externaltools.gnu-tools-for-stm32.9-2020-q2-update.macos64_2.0.0.202105311346/tools/bin/../lib/gcc/arm-none-eabi/9.3.1/thumb/v7-m/nofp/crtbegin.o
                0x000000000800fc94                PROVIDE (__init_array_end = .)
                0x000000000800fc94                . = ALIGN (0x4)

.fini_array     0x000000000800fc94        0x4
                0x000000000800fc94                . = ALIGN (0x4)
                [!provide]                        PROVIDE (__fini_array_start = .)
 *(SORT_BY_NAME(.fini_array.*))
 *(.fini_array*)
 .fini_array    0x000000000800fc94        0x4 /Applications/STM32CubeIDE.app/Contents/Eclipse/plugins/com.st.stm32cube.ide.mcu.externaltools.gnu-tools-for-stm32.9-2020-q2-update.macos64_2.0.0.202105311346/tools/bin/../lib/gcc/arm-none-eabi/9.3.1/thumb/v7-m/nofp/crtbegin.o
                [!provide]                        PROVIDE (__fini_array_end = .)
                0x000000000800fc98                . = ALIGN (0x4)
                0x000000000800fc98                _sidata = LOADADDR (.data)

.data           0x0000000020000000      0x1d0 load address 0x000000000800fc98
                0x0000000020000000                . = ALIGN (0x4)
                0x0000000020000000                _sdata = .
 *(.data)
 *(.data*)
 .data.brightness_level
                0x0000000020000000        0x4 ./Core/Src/data_control.o
                0x0000000020000000                brightness_level
 .data.tier1_cmd_can_success_ack
                0x0000000020000004        0x8 ./Core/Src/data_control.o
                0x0000000020000004                tier1_cmd_can_success_ack
 .data.ota_available_timer_timeout_ack
                0x000000002000000c        0x8 ./Core/Src/data_control.o
                0x000000002000000c                ota_available_timer_timeout_ack
 .data.starting_splashscreen_transparency_level
                0x0000000020000014        0x4 ./Core/Src/define.o
                0x0000000020000014                starting_splashscreen_transparency_level
 .data.continue_scaling
                0x0000000020000018        0x4 ./Core/Src/define.o
                0x0000000020000018                continue_scaling
 .data.upscale  0x000000002000001c        0x4 ./Core/Src/define.o
                0x000000002000001c                upscale
 .data.starting_splashscreen_scaling
                0x0000000020000020        0x4 ./Core/Src/define.o
                0x0000000020000020                starting_splashscreen_scaling
 .data.ending_splashscreen_scaling
                0x0000000020000024        0x4 ./Core/Src/define.o
                0x0000000020000024                ending_splashscreen_scaling
 .data.ending_splashscreen_transparency_level
                0x0000000020000028        0x4 ./Core/Src/define.o
                0x0000000020000028                ending_splashscreen_transparency_level
 .data.kill_transparency_level
                0x000000002000002c        0x4 ./Core/Src/define.o
                0x000000002000002c                kill_transparency_level
 .data.yellow   0x0000000020000030        0xc ./Core/Src/define.o
                0x0000000020000030                yellow
 .data.DAYS     0x000000002000003c       0x1c ./Core/Src/define.o
                0x000000002000003c                DAYS
 .data.MONTHS   0x0000000020000058       0x30 ./Core/Src/define.o
                0x0000000020000058                MONTHS
 .data.y_position_call_popup
                0x0000000020000088        0x4 ./Core/Src/define.o
                0x0000000020000088                y_position_call_popup
 .data.incoming_call_transparency
                0x000000002000008c        0x4 ./Core/Src/define.o
                0x000000002000008c                incoming_call_transparency
 .data.call_notification_timing
                0x0000000020000090        0xc ./Core/Src/define.o
                0x0000000020000090                call_notification_timing
 .data.seven_days_of_a_week
                0x000000002000009c       0x1c ./Core/Src/main.o
                0x000000002000009c                seven_days_of_a_week
 .data.reset_request_msg
                0x00000000200000b8        0x8 ./Core/Src/main.o
                0x00000000200000b8                reset_request_msg
 .data.display_vcu_link
                0x00000000200000c0       0x14 ./Core/Src/pn_sync_layer_main.o
                0x00000000200000c0                display_vcu_link
 .data.syncData
                0x00000000200000d4       0xf0 ./Core/Src/pn_sync_layer_main.o
                0x00000000200000d4                syncData
 .data.SystemCoreClock
                0x00000000200001c4        0x4 ./Core/Src/system_stm32f1xx.o
                0x00000000200001c4                SystemCoreClock
 .data.uwTickPrio
                0x00000000200001c8        0x4 ./Drivers/STM32F1xx_HAL_Driver/stm32f1xx_hal.o
                0x00000000200001c8                uwTickPrio
 .data.uwTickFreq
                0x00000000200001cc        0x1 ./Drivers/STM32F1xx_HAL_Driver/stm32f1xx_hal.o
                0x00000000200001cc                uwTickFreq
 *(.RamFunc)
 *(.RamFunc*)
                0x00000000200001d0                . = ALIGN (0x4)
 *fill*         0x00000000200001cd        0x3 
                0x00000000200001d0                _edata = .

.igot.plt       0x00000000200001d0        0x0 load address 0x000000000800fe68
 .igot.plt      0x00000000200001d0        0x0 /Applications/STM32CubeIDE.app/Contents/Eclipse/plugins/com.st.stm32cube.ide.mcu.externaltools.gnu-tools-for-stm32.9-2020-q2-update.macos64_2.0.0.202105311346/tools/bin/../lib/gcc/arm-none-eabi/9.3.1/thumb/v7-m/nofp/crtbegin.o
                0x00000000200001d0                . = ALIGN (0x4)

.bss            0x00000000200001d0      0xab4 load address 0x000000000800fe68
                0x00000000200001d0                _sbss = .
                0x00000000200001d0                __bss_start__ = _sbss
 *(.bss)
 .bss           0x00000000200001d0       0x1c /Applications/STM32CubeIDE.app/Contents/Eclipse/plugins/com.st.stm32cube.ide.mcu.externaltools.gnu-tools-for-stm32.9-2020-q2-update.macos64_2.0.0.202105311346/tools/bin/../lib/gcc/arm-none-eabi/9.3.1/thumb/v7-m/nofp/crtbegin.o
 *(.bss*)
 .bss.overall_data
                0x00000000200001ec       0x10 ./Core/Src/data_control.o
                0x00000000200001ec                overall_data
 .bss.suste_data
                0x00000000200001fc       0x10 ./Core/Src/data_control.o
                0x00000000200001fc                suste_data
 .bss.thikka_data
                0x000000002000020c       0x10 ./Core/Src/data_control.o
                0x000000002000020c                thikka_data
 .bss.babbal_data
                0x000000002000021c       0x10 ./Core/Src/data_control.o
                0x000000002000021c                babbal_data
 .bss.time_and_temperature
                0x000000002000022c        0x8 ./Core/Src/data_control.o
                0x000000002000022c                time_and_temperature
 .bss.SoC_and_chargingInfo
                0x0000000020000234        0x4 ./Core/Src/data_control.o
                0x0000000020000234                SoC_and_chargingInfo
 .bss.auxiliary_data
                0x0000000020000238        0x8 ./Core/Src/data_control.o
                0x0000000020000238                auxiliary_data
 .bss.icons_indicator
                0x0000000020000240        0x6 ./Core/Src/data_control.o
                0x0000000020000240                icons_indicator
 *fill*         0x0000000020000246        0x2 
 .bss.odometry  0x0000000020000248        0x8 ./Core/Src/data_control.o