color_elements.c:30:6:load_color_turquoise	8	static
color_elements.c:34:6:load_color_blue	8	static
color_elements.c:38:6:load_color_black	8	static
color_elements.c:42:6:load_color_orange	8	static
color_elements.c:46:6:load_color_sap_green	8	static
color_elements.c:50:6:load_color_red	8	static
color_elements.c:55:6:load_text_color	8	static
color_elements.c:61:6:load_sidelight_color	8	static
color_elements.c:65:6:load_color_lightMode_gray	8	static
color_elements.c:69:6:load_color_white	8	static
color_elements.c:74:6:set_background_color	8	static
color_elements.c:80:6:set_background_color_wallpaper	8	static
color_elements.c:87:6:background_color_white	8	static
color_elements.c:92:6:background_color_black	8	static
color_elements.c:97:6:background_color_grey_118	8	static
color_elements.c:102:6:load_color_darkMode_gray	8	static
color_elements.c:106:6:load_color_lightMode_grey_137	8	static
color_elements.c:110:6:load_color_lightMode_grey_196	8	static
color_elements.c:114:6:load_color_lightMode_grey_155	8	static
color_elements.c:118:6:load_color_light_green	8	static
color_elements.c:122:6:load_color_dark_green	8	static
color_elements.c:126:6:load_color_grey_30	8	static
color_elements.c:130:6:r2p	8	static
color_elements.c:134:6:set_darkmode_ui_design_elements	4	static
color_elements.c:178:6:set_lightmode_ui_design_elements	4	static
color_elements.c:214:6:set_ui_mode	8	static
color_elements.c:234:6:transparent_film_color	8	static
color_elements.c:240:6:set_light_mode_pop_ui_elements_color_elements	4	static
color_elements.c:283:6:set_dark_mode_pop_ui_elements_color_elements	4	static
