data_control.c:40:6:load_cmd_can_ack_data	24	static
data_control.c:52:6:Acquire_Data_From_CAN	16	static
data_control.c:88:6:Load_Overall_Data_To_Display	16	static
data_control.c:114:6:Load_Suste_Data_To_Display	16	static
data_control.c:136:6:Load_Thikka_Data_To_Display	16	static
data_control.c:158:6:Load_Babbal_Data_To_Display	16	static
data_control.c:181:6:Load_Ride_and_Rider_Names_To_Display	8	static
data_control.c:189:6:Load_Time_To_Display	32	static
data_control.c:216:6:Load_SoC_ETA_To_Display	24	static
data_control.c:257:6:Load_Auxiliary_Info_To_Display	24	static
data_control.c:294:6:Load_Indicator_Icons_To_Display	16	static
data_control.c:317:6:Load_OdoTrip_Data_To_Display	24	static
data_control.c:329:6:Load_Passkey_To_Display	24	static
data_control.c:340:6:Load_New_Year_Date_To_Display	16	static
data_control.c:353:6:Load_Release_Notes_To_Display	8	static
data_control.c:361:6:Load_Username_Data	24	static
data_control.c:370:6:Load_Bikename_Data	24	static
data_control.c:378:6:Load_Powertrain_Data	16	static
data_control.c:388:6:Load_OTA_Data	16	static
data_control.c:394:6:Load_Network_Strength_Value	16	static
data_control.c:399:6:Jump_To_Bootloader	32	static
data_control.c:416:6:HAL_TIM_PeriodElapsedCallback	16	static
data_control.c:606:6:Find_Day_of_week	16	static
data_control.c:611:6:Find_Month_of_Year	16	static
