stm32f1xx_it.c:87:6:NMI_Handler	8	static
stm32f1xx_it.c:102:6:HardFault_Handler	8	static
stm32f1xx_it.c:128:6:MemManage_Handler	8	static
stm32f1xx_it.c:144:6:BusFault_Handler	8	static
stm32f1xx_it.c:160:6:UsageFault_Handler	8	static
stm32f1xx_it.c:176:6:SVC_Handler	4	static
stm32f1xx_it.c:189:6:DebugMon_Handler	4	static
stm32f1xx_it.c:202:6:PendSV_Handler	4	static
stm32f1xx_it.c:215:6:SysTick_Handler	8	static
stm32f1xx_it.c:235:6:USB_LP_CAN1_RX0_IRQHandler	8	static
stm32f1xx_it.c:249:6:TIM1_UP_IRQHandler	8	static
stm32f1xx_it.c:263:6:TIM4_IRQHandler	8	static
