CoPro_Cmds.c:32:16:COUNT_ARGS	24	static
CoPro_Cmds.c:53:6:Gpu_CoCmd_Text	32	static
CoPro_Cmds.c:78:6:Gpu_CoCmd_Number	24	static
CoPro_Cmds.c:88:6:Gpu_CoCmd_LoadIdentity	16	static
CoPro_Cmds.c:95:6:Gpu_CoCmd_Toggle	40	static
CoPro_Cmds.c:120:6:Gpu_CoCmd_Gauge	24	static
CoPro_Cmds.c:131:6:Gpu_CoCmd_RegRead	24	static
CoPro_Cmds.c:140:6:Gpu_CoCmd_GetProps	24	static
CoPro_Cmds.c:150:6:Gpu_CoCmd_Memcpy	24	static
CoPro_Cmds.c:160:6:Gpu_CoCmd_Spinner	24	static
CoPro_Cmds.c:169:6:Gpu_CoCmd_BgColor	16	static
CoPro_Cmds.c:177:6:Gpu_CoCmd_Swap	16	static
CoPro_Cmds.c:184:6:Gpu_CoCmd_Inflate	16	static
CoPro_Cmds.c:192:6:Gpu_CoCmd_Translate	24	static
CoPro_Cmds.c:201:6:Gpu_CoCmd_Stop	16	static
CoPro_Cmds.c:208:6:Gpu_CoCmd_Slider	24	static
CoPro_Cmds.c:219:6:Gpu_CoCmd_TouchTransform	24	static
CoPro_Cmds.c:239:6:Gpu_CoCmd_Interrupt	16	static
CoPro_Cmds.c:247:6:Gpu_CoCmd_FgColor	16	static
CoPro_Cmds.c:255:6:Gpu_CoCmd_Rotate	16	static
CoPro_Cmds.c:263:6:Gpu_CoCmd_Button	40	static
CoPro_Cmds.c:288:6:Gpu_CoCmd_MemWrite	24	static
CoPro_Cmds.c:297:6:Gpu_CoCmd_Scrollbar	24	static
CoPro_Cmds.c:308:6:Gpu_CoCmd_GetMatrix	24	static
CoPro_Cmds.c:321:6:Gpu_CoCmd_Sketch	24	static
CoPro_Cmds.c:332:6:Gpu_CoCmd_MemSet	24	static
CoPro_Cmds.c:342:6:Gpu_CoCmd_GradColor	16	static
CoPro_Cmds.c:350:6:Gpu_CoCmd_BitmapTransform	24	static
CoPro_Cmds.c:370:6:Gpu_CoCmd_Calibrate	16	static
CoPro_Cmds.c:379:6:Gpu_CoCmd_SetFont	24	static
CoPro_Cmds.c:388:6:Gpu_CoCmd_Logo	16	static
CoPro_Cmds.c:395:6:Gpu_CoCmd_Append	24	static
CoPro_Cmds.c:404:6:Gpu_CoCmd_MemZero	24	static
CoPro_Cmds.c:413:6:Gpu_CoCmd_Scale	24	static
CoPro_Cmds.c:422:6:Gpu_CoCmd_Clock	24	static
CoPro_Cmds.c:433:6:Gpu_CoCmd_Gradient	24	static
CoPro_Cmds.c:444:6:Gpu_CoCmd_SetMatrix	16	static
CoPro_Cmds.c:451:6:Gpu_CoCmd_Track	24	static
CoPro_Cmds.c:461:6:Gpu_CoCmd_GetPtr	16	static
CoPro_Cmds.c:469:6:Gpu_CoCmd_Progress	24	static
CoPro_Cmds.c:480:6:Gpu_CoCmd_ColdStart	16	static
CoPro_Cmds.c:487:6:Gpu_CoCmd_Keys	24	static
CoPro_Cmds.c:498:6:Gpu_CoCmd_Dial	24	static
CoPro_Cmds.c:508:6:Gpu_CoCmd_LoadImage	24	static
CoPro_Cmds.c:517:6:Gpu_CoCmd_Dlstart	16	static
CoPro_Cmds.c:524:6:Gpu_CoCmd_Snapshot	16	static
CoPro_Cmds.c:532:6:Gpu_CoCmd_ScreenSaver	16	static
CoPro_Cmds.c:539:6:Gpu_CoCmd_MemCrc	24	static
CoPro_Cmds.c:549:10:GET_ASTC_FORMAT	16	static
CoPro_Cmds.c:572:6:astc_tile2	48	static
CoPro_Cmds.c:627:6:Gpu_CoCmd_SetBitmap	24	static
CoPro_Cmds.c:637:6:Gpu_CoCmd_SetScratch	16	static
CoPro_Cmds.c:645:6:Gpu_CoCmd_VideoStart	16	static
CoPro_Cmds.c:652:6:Gpu_CoCmd_SetBase	16	static
CoPro_Cmds.c:660:6:Gpu_CoCmd_VideoFrame	24	static
CoPro_Cmds.c:669:6:Gpu_CoCmd_RomFont	24	static
CoPro_Cmds.c:678:6:Gpu_CoCmd_PlayVideo	16	static
CoPro_Cmds.c:686:6:Gpu_CoCmd_Sync	16	static
CoPro_Cmds.c:693:6:Gpu_CoCmd_Int_RAMShared	16	static
CoPro_Cmds.c:701:6:Gpu_CoCmd_Int_SWLoadImage	24	static
CoPro_Cmds.c:710:6:Gpu_CoCmd_MediaFifo	24	static
CoPro_Cmds.c:719:6:Gpu_CoCmd_Snapshot2	24	static
CoPro_Cmds.c:730:6:Gpu_CoCmd_SetFont2	24	static
CoPro_Cmds.c:740:6:Gpu_CoCmd_SetRotate	16	static
CoPro_Cmds.c:748:6:Set_GpuClock	16	static
CoPro_Cmds.c:760:10:Get_GpuClock	24	static
CoPro_Cmds.c:770:6:Gpu_CoCmd_VideoStartF	16	static
CoPro_Cmds.c:777:6:Gpu_CoCmd_FillWidth	16	static
CoPro_Cmds.c:785:6:Gpu_CoCmd_Nop	16	static
CoPro_Cmds.c:792:6:Gpu_CoCmd_GetPoint	24	static
CoPro_Cmds.c:802:6:Gpu_CoCmd_Inflate2	24	static
CoPro_Cmds.c:811:6:Gpu_CoCmd_RotateAround	24	static
CoPro_Cmds.c:822:6:Gpu_CoCmd_FlashErase	16	static
CoPro_Cmds.c:834:6:Gpu_CoCmd_FlashWriteExt	40	static
CoPro_Cmds.c:855:6:Gpu_CoCmd_FlashWrite	24	static
CoPro_Cmds.c:869:6:Gpu_CoCmd_FlashUpdate	24	static
CoPro_Cmds.c:880:6:Gpu_CoCmd_FlashRead	24	static
CoPro_Cmds.c:890:6:Gpu_CoCmd_FlashSource	16	static
CoPro_Cmds.c:898:6:Gpu_CoCmd_FlashSpiTx	16	static
CoPro_Cmds.c:906:6:Gpu_CoCmd_FlashFast	16	static
CoPro_Cmds.c:914:6:Gpu_CoCmd_FlashSpiRx	24	static
CoPro_Cmds.c:923:6:Gpu_CoCmd_FlashAttach	16	static
CoPro_Cmds.c:930:6:Gpu_CoCmd_FlashDetach	16	static
CoPro_Cmds.c:937:6:Gpu_CoCmd_FlashSpiDesel	16	static
CoPro_Cmds.c:944:6:Gpu_CoCmd_ClearCache	16	static
CoPro_Cmds.c:951:6:Gpu_CoCmd_Int_RamShared	16	static
CoPro_Cmds.c:959:6:Gpu_CoCmd_Sha1	24	static
CoPro_Cmds.c:969:6:Gpu_CoCmd_ResetFonts	16	static
CoPro_Cmds.c:976:6:Gpu_CoCmd_AnimStart	24	static
CoPro_Cmds.c:986:6:Gpu_CoCmd_GradientA	24	static
CoPro_Cmds.c:997:6:Gpu_CoCmd_AnimStop	16	static
CoPro_Cmds.c:1005:6:Gpu_CoCmd_AnimXY	24	static
CoPro_Cmds.c:1014:6:Gpu_CoCmd_AnimDraw	16	static
CoPro_Cmds.c:1022:6:Gpu_CoCmd_AnimFrame	24	static
CoPro_Cmds.c:1032:6:Gpu_CoCmd_AppendF	24	static
CoPro_Cmds.c:1041:6:Gpu_CoCmd_FlashHelper_Init	16	static
CoPro_Cmds.c:1058:10:Gpu_CoCmd_FlashHelper_SwitchState	24	static
CoPro_Cmds.c:1113:10:Gpu_CoCmd_FlashHelper_SwitchFullMode	24	static
CoPro_Cmds.c:1161:20:Gpu_CoCmd_FlashHelper_Write	296	static
CoPro_Cmds.c:1212:20:Gpu_CoCmd_FlashHelper_Update	32	static
CoPro_Cmds.c:1252:20:Gpu_CoCmd_FlashHelper_Read	24	static
CoPro_Cmds.c:1268:6:Gpu_CoCmd_FlashHelper_Erase	16	static
CoPro_Cmds.c:1281:6:Gpu_CoCmd_FlashHelper_ClearCache	16	static
CoPro_Cmds.c:1295:9:Gpu_CoCmd_FlashHelper_GetState	16	static
CoPro_Cmds.c:1301:6:Gpu_Copro_SendCmd	16	static
CoPro_Cmds.c:1320:6:Gpu_CoCmd_SendStr	24	static
CoPro_Cmds.c:1346:6:Gpu_CoCmd_StartFunc	16	static
CoPro_Cmds.c:1363:6:Gpu_CoCmd_EndFunc	16	static
