Gpu_Hal.c:36:1:Gpu_Hal_Init	16	static
Gpu_Hal.c:43:8:Gpu_Hal_Init2	16	static
Gpu_Hal.c:53:1:Gpu_Hal_Open	24	static
Gpu_Hal.c:77:8:Gpu_Hal_Open2	24	static
Gpu_Hal.c:104:1:Gpu_Hal_Close	16	static
Gpu_Hal.c:117:1:Gpu_Hal_DeInit	4	static
Gpu_Hal.c:128:1:Gpu_Hal_StartTransfer	32	static
Gpu_Hal.c:170:1:Gpu_Hal_StartCmdTransfer	16	static
Gpu_Hal.c:182:1:Gpu_Hal_TransferString	24	static
Gpu_Hal.c:202:1:Gpu_Hal_Transfer8	16	static
Gpu_Hal.c:213:1:Gpu_Hal_Transfer16	24	static
Gpu_Hal.c:237:1:Gpu_Hal_Transfer32	24	static
Gpu_Hal.c:261:1:Gpu_Hal_EndTransfer	16	static
Gpu_Hal.c:279:1:Gpu_Hal_Rd8	24	static
Gpu_Hal.c:296:1:Gpu_Hal_Rd16	24	static
Gpu_Hal.c:313:1:Gpu_Hal_Rd32	24	static
Gpu_Hal.c:331:1:Gpu_Hal_Wr8	24	static
Gpu_Hal.c:345:1:Gpu_Hal_Wr16	24	static
Gpu_Hal.c:359:1:Gpu_Hal_Wr32	24	static
Gpu_Hal.c:374:1:Gpu_HostCommand	24	static
Gpu_Hal.c:397:1:Gpu_HostCommand_Ext3	24	static
Gpu_Hal.c:421:1:Gpu_Hal_Powercycle	16	static
Gpu_Hal.c:445:1:Gpu_Hal_Sleep	16	static
Gpu_Hal.c:456:1:Gpu_Hal_WrMem	24	static
Gpu_Hal.c:478:1:Gpu_Hal_RdMem	24	static
Gpu_Hal.c:504:1:Gpu_Hal_DLSwap	24	static
Gpu_Hal.c:529:1:Gpu_Hal_ResetDLBuffer	16	static
Gpu_Hal.c:537:1:Gpu_ClockSelect	16	static
Gpu_Hal.c:544:1:Gpu_PLL_FreqSelect	16	static
Gpu_Hal.c:551:1:Gpu_PowerModeSwitch	16	static
Gpu_Hal.c:558:1:Gpu_CoreReset	16	static
Gpu_Hal.c:575:1:Gpu_81X_SelectSysCLK	16	static
Gpu_Hal.c:602:1:Gpu_81X_PowerOffComponents	16	static
Gpu_Hal.c:615:1:Gpu_81X_PadDriveStrength	16	static
Gpu_Hal.c:630:1:Gpu_81X_ResetActive	16	static
Gpu_Hal.c:643:1:Gpu_81X_ResetRemoval	16	static
Gpu_Hal.c:655:1:Gpu_Hal_SetSPI	24	static
Gpu_Hal.c:690:1:Gpu_Hal_Updatecmdfifo	16	static
Gpu_Hal.c:708:1:Gpu_Cmdfifo_Freespace	32	static
Gpu_Hal.c:727:1:Gpu_Hal_WrCmdBuf	40	static
Gpu_Hal.c:776:1:Gpu_Hal_CheckCmdBuffer	24	static
Gpu_Hal.c:794:1:Gpu_Hal_WaitCmdfifo_empty	24	static
Gpu_Hal.c:808:1:Gpu_Hal_WrCmdBuf_nowait	40	static
Gpu_Hal.c:852:1:Gpu_Hal_WaitCmdfifo_empty_status	24	static
Gpu_Hal.c:870:1:Gpu_Hal_WaitLogo_Finish	24	static
Gpu_Hal.c:888:1:Gpu_Hal_ResetCmdFifo	16	static
Gpu_Hal.c:898:1:Gpu_Hal_WrCmd32	16	static
Gpu_Hal.c:914:1:Fifo_Init	24	static
Gpu_Hal.c:937:1:Fifo_Update	16	static
Gpu_Hal.c:950:1:Fifo_Write	40	static
Gpu_Hal.c:1003:1:Fifo_Write32	24	static
Gpu_Hal.c:1018:1:Fifo_WriteWait	40	static
Gpu_Hal.c:1049:1:Fifo_GetFreeSpace	24	static
Gpu_Hal.c:1073:1:Gpu_Hal_Dec2Ascii	56	static
Gpu_Hal.c:1128:1:Gpu_ClearScreen	16	static
