design_elements.c:12:6:mode_reverse	16	static
design_elements.c:25:6:mode_standby	16	static
design_elements.c:38:6:mode_suste	16	static
design_elements.c:51:6:mode_thikka	16	static
design_elements.c:64:6:mode_babbal	16	static
design_elements.c:77:6:load_sidelight_right	8	static
design_elements.c:93:6:load_sidelight_left	8	static
design_elements.c:109:6:load_sidelight_off	8	static
design_elements.c:118:6:load_passlight_on	4	static
design_elements.c:128:6:load_passlight_off	8	static
design_elements.c:142:6:show_Whpkm_indicator_line	8	static
design_elements.c:162:6:show_battery_logo	8	static
design_elements.c:185:6:show_drive_mode	8	static
design_elements.c:207:6:show_Whpkm_value	16	static
design_elements.c:216:6:show_odometer	16	static
design_elements.c:225:6:show_trip_distance	16	static
design_elements.c:234:6:show_bikespeed	16	static
design_elements.c:249:6:show_sidelight	8	static
design_elements.c:261:6:show_passlight	8	static
design_elements.c:270:6:show_kill_switch_icon	8	static
design_elements.c:284:6:Kill_Switch_Static	24	static
design_elements.c:298:6:Kill_Switch_Position_Change	24	static
design_elements.c:334:6:show_stand_icon	8	static
design_elements.c:349:6:Stand_Switch_Static	24	static
design_elements.c:363:6:Stand_Switch_Position_Change	24	static
design_elements.c:399:6:show_icons_home	8	static
design_elements.c:415:6:show_icons_stats	8	static
design_elements.c:432:6:show_icons_chargingUI	8	static
design_elements.c:438:6:show_SoC_circular_bar	16	static
design_elements.c:495:6:show_SoC_level	16	static
design_elements.c:557:6:show_soc_percent_value	16	static
design_elements.c:595:6:show_bikename	16	static
design_elements.c:602:6:show_temperature_value	16	static
design_elements.c:618:6:show_series1_icon	24	static
design_elements.c:634:6:dont_show_series1_icon	16	static
design_elements.c:661:6:show_bike_render	24	static
design_elements.c:677:6:show_battery_icon	8	static
design_elements.c:724:6:show_temperature_icon	32	static
design_elements.c:752:6:show_travelBoldly	16	static
design_elements.c:763:6:show_bluetooth_icon	24	static
design_elements.c:802:6:show_location_icon	32	static
design_elements.c:838:6:show_headlight_status_icon	8	static
design_elements.c:865:6:show_background_extrude	24	static
design_elements.c:879:6:show_circle	24	static
design_elements.c:902:6:show_charging_SoC	16	static
design_elements.c:909:6:show_eta	16	static
design_elements.c:997:6:show_realtime	16	static
design_elements.c:1009:6:show_ride_profile_stats	16	static
design_elements.c:1036:6:show_stats_odo	16	static
design_elements.c:1068:6:show_odo_graph	16	static
design_elements.c:1103:6:show_days_in_graph	32	static
design_elements.c:1136:6:show_small_yatri_logo	24	static
design_elements.c:1142:6:add_transparent_film	8	static
design_elements.c:1154:6:popup_test	8	static
design_elements.c:1166:6:ota_info_here	16	static
design_elements.c:1190:6:add_background_wallpaper	8	static
design_elements.c:1200:6:show_network_strength	24	static
design_elements.c:1262:6:show_incoming_call_notification	16	static
